Product: MDK-ARM Lite 5.10
Component: ARM Compiler 5.04 update 1 (build 49)
Tool: armlink [5040049]

==============================================================================

Section Cross References

    main.o(i.main) refers to stm32l1xx_rcc.o(i.RCC_DeInit) for RCC_DeInit
    main.o(i.main) refers to stm32l1xx_rcc.o(i.RCC_AHBPeriphClockCmd) for RCC_AHBPeriphClockCmd
    main.o(i.main) refers to stm32l1xx_gpio.o(i.GPIO_Init) for GPIO_Init
    main.o(i.main) refers to stm32l1xx_gpio.o(i.GPIO_SetBits) for GPIO_SetBits
    main.o(i.main) refers to stm32l1xx_gpio.o(i.GPIO_ToggleBits) for GPIO_ToggleBits
    stm32l_discovery_lcd.o(i.LCD_Conv_Char_Seg) refers to stm32l_discovery_lcd.o(.constdata) for .constdata
    stm32l_discovery_lcd.o(i.LCD_GLASS_Clear) refers to stm32l1xx_lcd.o(i.LCD_GetFlagStatus) for LCD_GetFlagStatus
    stm32l_discovery_lcd.o(i.LCD_GLASS_Clear) refers to stm32l1xx_lcd.o(i.LCD_UpdateDisplayRequest) for LCD_UpdateDisplayRequest
    stm32l_discovery_lcd.o(i.LCD_GLASS_Configure_GPIO) refers to stm32l1xx_rcc.o(i.RCC_AHBPeriphClockCmd) for RCC_AHBPeriphClockCmd
    stm32l_discovery_lcd.o(i.LCD_GLASS_Configure_GPIO) refers to stm32l1xx_gpio.o(i.GPIO_StructInit) for GPIO_StructInit
    stm32l_discovery_lcd.o(i.LCD_GLASS_Configure_GPIO) refers to stm32l1xx_gpio.o(i.GPIO_Init) for GPIO_Init
    stm32l_discovery_lcd.o(i.LCD_GLASS_Configure_GPIO) refers to stm32l1xx_gpio.o(i.GPIO_PinAFConfig) for GPIO_PinAFConfig
    stm32l_discovery_lcd.o(i.LCD_GLASS_DisplayStrDeci) refers to stm32l1xx_lcd.o(i.LCD_GetFlagStatus) for LCD_GetFlagStatus
    stm32l_discovery_lcd.o(i.LCD_GLASS_DisplayStrDeci) refers to stm32l_discovery_lcd.o(i.LCD_GLASS_WriteChar) for LCD_GLASS_WriteChar
    stm32l_discovery_lcd.o(i.LCD_GLASS_DisplayStrDeci) refers to stm32l1xx_lcd.o(i.LCD_UpdateDisplayRequest) for LCD_UpdateDisplayRequest
    stm32l_discovery_lcd.o(i.LCD_GLASS_DisplayString) refers to stm32l1xx_lcd.o(i.LCD_GetFlagStatus) for LCD_GetFlagStatus
    stm32l_discovery_lcd.o(i.LCD_GLASS_DisplayString) refers to stm32l_discovery_lcd.o(i.LCD_GLASS_WriteChar) for LCD_GLASS_WriteChar
    stm32l_discovery_lcd.o(i.LCD_GLASS_DisplayString) refers to stm32l1xx_lcd.o(i.LCD_UpdateDisplayRequest) for LCD_UpdateDisplayRequest
    stm32l_discovery_lcd.o(i.LCD_GLASS_Init) refers to stm32l1xx_lcd.o(i.LCD_Init) for LCD_Init
    stm32l_discovery_lcd.o(i.LCD_GLASS_Init) refers to stm32l1xx_lcd.o(i.LCD_MuxSegmentCmd) for LCD_MuxSegmentCmd
    stm32l_discovery_lcd.o(i.LCD_GLASS_Init) refers to stm32l1xx_lcd.o(i.LCD_ContrastConfig) for LCD_ContrastConfig
    stm32l_discovery_lcd.o(i.LCD_GLASS_Init) refers to stm32l1xx_lcd.o(i.LCD_DeadTimeConfig) for LCD_DeadTimeConfig
    stm32l_discovery_lcd.o(i.LCD_GLASS_Init) refers to stm32l1xx_lcd.o(i.LCD_PulseOnDurationConfig) for LCD_PulseOnDurationConfig
    stm32l_discovery_lcd.o(i.LCD_GLASS_Init) refers to stm32l1xx_lcd.o(i.LCD_WaitForSynchro) for LCD_WaitForSynchro
    stm32l_discovery_lcd.o(i.LCD_GLASS_Init) refers to stm32l1xx_lcd.o(i.LCD_Cmd) for LCD_Cmd
    stm32l_discovery_lcd.o(i.LCD_GLASS_Init) refers to stm32l1xx_lcd.o(i.LCD_GetFlagStatus) for LCD_GetFlagStatus
    stm32l_discovery_lcd.o(i.LCD_GLASS_Init) refers to stm32l1xx_lcd.o(i.LCD_BlinkConfig) for LCD_BlinkConfig
    stm32l_discovery_lcd.o(i.LCD_GLASS_Init) refers to stm32l_discovery_lcd.o(i.LCD_GLASS_Clear) for LCD_GLASS_Clear
    stm32l_discovery_lcd.o(i.LCD_GLASS_ScrollSentence) refers to stm32l_discovery_lcd.o(i.LCD_GLASS_DisplayString) for LCD_GLASS_DisplayString
    stm32l_discovery_lcd.o(i.LCD_GLASS_ScrollSentence) refers to stm32l_discovery_lcd.o(i.LCD_GLASS_Clear) for LCD_GLASS_Clear
    stm32l_discovery_lcd.o(i.LCD_GLASS_ScrollSentence) refers to stm32l_discovery_lcd.o(.data) for .data
    stm32l_discovery_lcd.o(i.LCD_GLASS_WriteChar) refers to stm32l_discovery_lcd.o(i.LCD_Conv_Char_Seg) for LCD_Conv_Char_Seg
    stm32l_discovery_lcd.o(i.LCD_GLASS_WriteChar) refers to stm32l_discovery_lcd.o(i.LCD_bar) for LCD_bar
    stm32l_discovery_lcd.o(i.LCD_bar) refers to stm32l_discovery_lcd.o(.data) for .data
    stm32l_discovery_lcd.o(i.LCD_contrast) refers to stm32l1xx_lcd.o(i.LCD_ContrastConfig) for LCD_ContrastConfig
    stm32l1xx_adc.o(i.ADC_DeInit) refers to stm32l1xx_rcc.o(i.RCC_APB2PeriphResetCmd) for RCC_APB2PeriphResetCmd
    stm32l1xx_aes.o(i.AES_DeInit) refers to stm32l1xx_rcc.o(i.RCC_AHBPeriphResetCmd) for RCC_AHBPeriphResetCmd
    stm32l1xx_aes_util.o(i.AES_CBC_Decrypt) refers to stm32l1xx_aes.o(i.AES_KeyInit) for AES_KeyInit
    stm32l1xx_aes_util.o(i.AES_CBC_Decrypt) refers to stm32l1xx_aes.o(i.AES_IVInit) for AES_IVInit
    stm32l1xx_aes_util.o(i.AES_CBC_Decrypt) refers to stm32l1xx_aes.o(i.AES_Init) for AES_Init
    stm32l1xx_aes_util.o(i.AES_CBC_Decrypt) refers to stm32l1xx_aes.o(i.AES_Cmd) for AES_Cmd
    stm32l1xx_aes_util.o(i.AES_CBC_Decrypt) refers to stm32l1xx_aes.o(i.AES_WriteSubData) for AES_WriteSubData
    stm32l1xx_aes_util.o(i.AES_CBC_Decrypt) refers to stm32l1xx_aes.o(i.AES_GetFlagStatus) for AES_GetFlagStatus
    stm32l1xx_aes_util.o(i.AES_CBC_Decrypt) refers to stm32l1xx_aes.o(i.AES_ClearFlag) for AES_ClearFlag
    stm32l1xx_aes_util.o(i.AES_CBC_Decrypt) refers to stm32l1xx_aes.o(i.AES_ReadSubData) for AES_ReadSubData
    stm32l1xx_aes_util.o(i.AES_CBC_Encrypt) refers to stm32l1xx_aes.o(i.AES_KeyInit) for AES_KeyInit
    stm32l1xx_aes_util.o(i.AES_CBC_Encrypt) refers to stm32l1xx_aes.o(i.AES_IVInit) for AES_IVInit
    stm32l1xx_aes_util.o(i.AES_CBC_Encrypt) refers to stm32l1xx_aes.o(i.AES_Init) for AES_Init
    stm32l1xx_aes_util.o(i.AES_CBC_Encrypt) refers to stm32l1xx_aes.o(i.AES_Cmd) for AES_Cmd
    stm32l1xx_aes_util.o(i.AES_CBC_Encrypt) refers to stm32l1xx_aes.o(i.AES_WriteSubData) for AES_WriteSubData
    stm32l1xx_aes_util.o(i.AES_CBC_Encrypt) refers to stm32l1xx_aes.o(i.AES_GetFlagStatus) for AES_GetFlagStatus
    stm32l1xx_aes_util.o(i.AES_CBC_Encrypt) refers to stm32l1xx_aes.o(i.AES_ClearFlag) for AES_ClearFlag
    stm32l1xx_aes_util.o(i.AES_CBC_Encrypt) refers to stm32l1xx_aes.o(i.AES_ReadSubData) for AES_ReadSubData
    stm32l1xx_aes_util.o(i.AES_CTR_Decrypt) refers to stm32l1xx_aes.o(i.AES_KeyInit) for AES_KeyInit
    stm32l1xx_aes_util.o(i.AES_CTR_Decrypt) refers to stm32l1xx_aes.o(i.AES_IVInit) for AES_IVInit
    stm32l1xx_aes_util.o(i.AES_CTR_Decrypt) refers to stm32l1xx_aes.o(i.AES_Init) for AES_Init
    stm32l1xx_aes_util.o(i.AES_CTR_Decrypt) refers to stm32l1xx_aes.o(i.AES_Cmd) for AES_Cmd
    stm32l1xx_aes_util.o(i.AES_CTR_Decrypt) refers to stm32l1xx_aes.o(i.AES_WriteSubData) for AES_WriteSubData
    stm32l1xx_aes_util.o(i.AES_CTR_Decrypt) refers to stm32l1xx_aes.o(i.AES_GetFlagStatus) for AES_GetFlagStatus
    stm32l1xx_aes_util.o(i.AES_CTR_Decrypt) refers to stm32l1xx_aes.o(i.AES_ClearFlag) for AES_ClearFlag
    stm32l1xx_aes_util.o(i.AES_CTR_Decrypt) refers to stm32l1xx_aes.o(i.AES_ReadSubData) for AES_ReadSubData
    stm32l1xx_aes_util.o(i.AES_CTR_Encrypt) refers to stm32l1xx_aes.o(i.AES_KeyInit) for AES_KeyInit
    stm32l1xx_aes_util.o(i.AES_CTR_Encrypt) refers to stm32l1xx_aes.o(i.AES_IVInit) for AES_IVInit
    stm32l1xx_aes_util.o(i.AES_CTR_Encrypt) refers to stm32l1xx_aes.o(i.AES_Init) for AES_Init
    stm32l1xx_aes_util.o(i.AES_CTR_Encrypt) refers to stm32l1xx_aes.o(i.AES_Cmd) for AES_Cmd
    stm32l1xx_aes_util.o(i.AES_CTR_Encrypt) refers to stm32l1xx_aes.o(i.AES_WriteSubData) for AES_WriteSubData
    stm32l1xx_aes_util.o(i.AES_CTR_Encrypt) refers to stm32l1xx_aes.o(i.AES_GetFlagStatus) for AES_GetFlagStatus
    stm32l1xx_aes_util.o(i.AES_CTR_Encrypt) refers to stm32l1xx_aes.o(i.AES_ClearFlag) for AES_ClearFlag
    stm32l1xx_aes_util.o(i.AES_CTR_Encrypt) refers to stm32l1xx_aes.o(i.AES_ReadSubData) for AES_ReadSubData
    stm32l1xx_aes_util.o(i.AES_ECB_Decrypt) refers to stm32l1xx_aes.o(i.AES_KeyInit) for AES_KeyInit
    stm32l1xx_aes_util.o(i.AES_ECB_Decrypt) refers to stm32l1xx_aes.o(i.AES_Init) for AES_Init
    stm32l1xx_aes_util.o(i.AES_ECB_Decrypt) refers to stm32l1xx_aes.o(i.AES_Cmd) for AES_Cmd
    stm32l1xx_aes_util.o(i.AES_ECB_Decrypt) refers to stm32l1xx_aes.o(i.AES_WriteSubData) for AES_WriteSubData
    stm32l1xx_aes_util.o(i.AES_ECB_Decrypt) refers to stm32l1xx_aes.o(i.AES_GetFlagStatus) for AES_GetFlagStatus
    stm32l1xx_aes_util.o(i.AES_ECB_Decrypt) refers to stm32l1xx_aes.o(i.AES_ClearFlag) for AES_ClearFlag
    stm32l1xx_aes_util.o(i.AES_ECB_Decrypt) refers to stm32l1xx_aes.o(i.AES_ReadSubData) for AES_ReadSubData
    stm32l1xx_aes_util.o(i.AES_ECB_Encrypt) refers to stm32l1xx_aes.o(i.AES_KeyInit) for AES_KeyInit
    stm32l1xx_aes_util.o(i.AES_ECB_Encrypt) refers to stm32l1xx_aes.o(i.AES_Init) for AES_Init
    stm32l1xx_aes_util.o(i.AES_ECB_Encrypt) refers to stm32l1xx_aes.o(i.AES_Cmd) for AES_Cmd
    stm32l1xx_aes_util.o(i.AES_ECB_Encrypt) refers to stm32l1xx_aes.o(i.AES_WriteSubData) for AES_WriteSubData
    stm32l1xx_aes_util.o(i.AES_ECB_Encrypt) refers to stm32l1xx_aes.o(i.AES_GetFlagStatus) for AES_GetFlagStatus
    stm32l1xx_aes_util.o(i.AES_ECB_Encrypt) refers to stm32l1xx_aes.o(i.AES_ClearFlag) for AES_ClearFlag
    stm32l1xx_aes_util.o(i.AES_ECB_Encrypt) refers to stm32l1xx_aes.o(i.AES_ReadSubData) for AES_ReadSubData
    stm32l1xx_dac.o(i.DAC_DeInit) refers to stm32l1xx_rcc.o(i.RCC_APB1PeriphResetCmd) for RCC_APB1PeriphResetCmd
    stm32l1xx_flash.o(i.DATA_EEPROM_EraseByte) refers to stm32l1xx_flash.o(i.FLASH_WaitForLastOperation) for FLASH_WaitForLastOperation
    stm32l1xx_flash.o(i.DATA_EEPROM_EraseHalfWord) refers to stm32l1xx_flash.o(i.FLASH_WaitForLastOperation) for FLASH_WaitForLastOperation
    stm32l1xx_flash.o(i.DATA_EEPROM_EraseWord) refers to stm32l1xx_flash.o(i.FLASH_WaitForLastOperation) for FLASH_WaitForLastOperation
    stm32l1xx_flash.o(i.DATA_EEPROM_FastProgramByte) refers to stm32l1xx_flash.o(i.FLASH_WaitForLastOperation) for FLASH_WaitForLastOperation
    stm32l1xx_flash.o(i.DATA_EEPROM_FastProgramByte) refers to stm32l1xx_flash.o(i.DATA_EEPROM_EraseWord) for DATA_EEPROM_EraseWord
    stm32l1xx_flash.o(i.DATA_EEPROM_FastProgramByte) refers to stm32l1xx_flash.o(i.DATA_EEPROM_FastProgramWord) for DATA_EEPROM_FastProgramWord
    stm32l1xx_flash.o(i.DATA_EEPROM_FastProgramHalfWord) refers to stm32l1xx_flash.o(i.FLASH_WaitForLastOperation) for FLASH_WaitForLastOperation
    stm32l1xx_flash.o(i.DATA_EEPROM_FastProgramHalfWord) refers to stm32l1xx_flash.o(i.DATA_EEPROM_EraseWord) for DATA_EEPROM_EraseWord
    stm32l1xx_flash.o(i.DATA_EEPROM_FastProgramHalfWord) refers to stm32l1xx_flash.o(i.DATA_EEPROM_FastProgramWord) for DATA_EEPROM_FastProgramWord
    stm32l1xx_flash.o(i.DATA_EEPROM_FastProgramHalfWord) refers to stm32l1xx_flash.o(i.DATA_EEPROM_FastProgramByte) for DATA_EEPROM_FastProgramByte
    stm32l1xx_flash.o(i.DATA_EEPROM_FastProgramWord) refers to stm32l1xx_flash.o(i.FLASH_WaitForLastOperation) for FLASH_WaitForLastOperation
    stm32l1xx_flash.o(i.DATA_EEPROM_ProgramByte) refers to stm32l1xx_flash.o(i.FLASH_WaitForLastOperation) for FLASH_WaitForLastOperation
    stm32l1xx_flash.o(i.DATA_EEPROM_ProgramByte) refers to stm32l1xx_flash.o(i.DATA_EEPROM_EraseWord) for DATA_EEPROM_EraseWord
    stm32l1xx_flash.o(i.DATA_EEPROM_ProgramByte) refers to stm32l1xx_flash.o(i.DATA_EEPROM_FastProgramWord) for DATA_EEPROM_FastProgramWord
    stm32l1xx_flash.o(i.DATA_EEPROM_ProgramHalfWord) refers to stm32l1xx_flash.o(i.FLASH_WaitForLastOperation) for FLASH_WaitForLastOperation
    stm32l1xx_flash.o(i.DATA_EEPROM_ProgramHalfWord) refers to stm32l1xx_flash.o(i.DATA_EEPROM_EraseWord) for DATA_EEPROM_EraseWord
    stm32l1xx_flash.o(i.DATA_EEPROM_ProgramHalfWord) refers to stm32l1xx_flash.o(i.DATA_EEPROM_FastProgramWord) for DATA_EEPROM_FastProgramWord
    stm32l1xx_flash.o(i.DATA_EEPROM_ProgramHalfWord) refers to stm32l1xx_flash.o(i.DATA_EEPROM_FastProgramByte) for DATA_EEPROM_FastProgramByte
    stm32l1xx_flash.o(i.DATA_EEPROM_ProgramWord) refers to stm32l1xx_flash.o(i.FLASH_WaitForLastOperation) for FLASH_WaitForLastOperation
    stm32l1xx_flash.o(i.FLASH_ErasePage) refers to stm32l1xx_flash.o(i.FLASH_WaitForLastOperation) for FLASH_WaitForLastOperation
    stm32l1xx_flash.o(i.FLASH_FastProgramWord) refers to stm32l1xx_flash.o(i.FLASH_WaitForLastOperation) for FLASH_WaitForLastOperation
    stm32l1xx_flash.o(i.FLASH_OB_BORConfig) refers to stm32l1xx_flash.o(i.FLASH_WaitForLastOperation) for FLASH_WaitForLastOperation
    stm32l1xx_flash.o(i.FLASH_OB_BootConfig) refers to stm32l1xx_flash.o(i.FLASH_WaitForLastOperation) for FLASH_WaitForLastOperation
    stm32l1xx_flash.o(i.FLASH_OB_PCROP1Config) refers to stm32l1xx_flash.o(i.FLASH_WaitForLastOperation) for FLASH_WaitForLastOperation
    stm32l1xx_flash.o(i.FLASH_OB_PCROPConfig) refers to stm32l1xx_flash.o(i.FLASH_WaitForLastOperation) for FLASH_WaitForLastOperation
    stm32l1xx_flash.o(i.FLASH_OB_PCROPSelectionConfig) refers to stm32l1xx_flash.o(i.FLASH_WaitForLastOperation) for FLASH_WaitForLastOperation
    stm32l1xx_flash.o(i.FLASH_OB_RDPConfig) refers to stm32l1xx_flash.o(i.FLASH_WaitForLastOperation) for FLASH_WaitForLastOperation
    stm32l1xx_flash.o(i.FLASH_OB_Unlock) refers to stm32l1xx_flash.o(i.DATA_EEPROM_Unlock) for DATA_EEPROM_Unlock
    stm32l1xx_flash.o(i.FLASH_OB_UserConfig) refers to stm32l1xx_flash.o(i.FLASH_WaitForLastOperation) for FLASH_WaitForLastOperation
    stm32l1xx_flash.o(i.FLASH_OB_WRP1Config) refers to stm32l1xx_flash.o(i.FLASH_WaitForLastOperation) for FLASH_WaitForLastOperation
    stm32l1xx_flash.o(i.FLASH_OB_WRP2Config) refers to stm32l1xx_flash.o(i.FLASH_WaitForLastOperation) for FLASH_WaitForLastOperation
    stm32l1xx_flash.o(i.FLASH_OB_WRPConfig) refers to stm32l1xx_flash.o(i.FLASH_WaitForLastOperation) for FLASH_WaitForLastOperation
    stm32l1xx_flash.o(i.FLASH_Unlock) refers to stm32l1xx_flash.o(i.DATA_EEPROM_Unlock) for DATA_EEPROM_Unlock
    stm32l1xx_flash.o(i.FLASH_WaitForLastOperation) refers to stm32l1xx_flash.o(i.FLASH_GetStatus) for FLASH_GetStatus
    stm32l1xx_flash_ramfunc.o(i.DATA_EEPROM_EraseDoubleWord) refers to stm32l1xx_flash_ramfunc.o(i.WaitForLastOperation) for WaitForLastOperation
    stm32l1xx_flash_ramfunc.o(i.DATA_EEPROM_ProgramDoubleWord) refers to stm32l1xx_flash_ramfunc.o(i.WaitForLastOperation) for WaitForLastOperation
    stm32l1xx_flash_ramfunc.o(i.FLASH_EraseParallelPage) refers to stm32l1xx_flash_ramfunc.o(i.WaitForLastOperation) for WaitForLastOperation
    stm32l1xx_flash_ramfunc.o(i.FLASH_ProgramHalfPage) refers to stm32l1xx_flash_ramfunc.o(i.WaitForLastOperation) for WaitForLastOperation
    stm32l1xx_flash_ramfunc.o(i.FLASH_ProgramParallelHalfPage) refers to stm32l1xx_flash_ramfunc.o(i.WaitForLastOperation) for WaitForLastOperation
    stm32l1xx_flash_ramfunc.o(i.WaitForLastOperation) refers to stm32l1xx_flash_ramfunc.o(i.GetStatus) for GetStatus
    stm32l1xx_gpio.o(i.GPIO_DeInit) refers to stm32l1xx_rcc.o(i.RCC_AHBPeriphResetCmd) for RCC_AHBPeriphResetCmd
    stm32l1xx_i2c.o(i.I2C_DeInit) refers to stm32l1xx_rcc.o(i.RCC_APB1PeriphResetCmd) for RCC_APB1PeriphResetCmd
    stm32l1xx_i2c.o(i.I2C_Init) refers to stm32l1xx_rcc.o(i.RCC_GetClocksFreq) for RCC_GetClocksFreq
    stm32l1xx_lcd.o(i.LCD_DeInit) refers to stm32l1xx_rcc.o(i.RCC_APB1PeriphResetCmd) for RCC_APB1PeriphResetCmd
    stm32l1xx_lcd.o(i.LCD_Init) refers to stm32l1xx_lcd.o(i.LCD_WaitForSynchro) for LCD_WaitForSynchro
    stm32l1xx_pwr.o(i.PWR_DeInit) refers to stm32l1xx_rcc.o(i.RCC_APB1PeriphResetCmd) for RCC_APB1PeriphResetCmd
    stm32l1xx_rcc.o(i.RCC_GetClocksFreq) refers to stm32l1xx_rcc.o(.data) for .data
    stm32l1xx_rcc.o(i.RCC_WaitForHSEStartUp) refers to stm32l1xx_rcc.o(i.RCC_GetFlagStatus) for RCC_GetFlagStatus
    stm32l1xx_rtc.o(i.RTC_CoarseCalibCmd) refers to stm32l1xx_rtc.o(i.RTC_EnterInitMode) for RTC_EnterInitMode
    stm32l1xx_rtc.o(i.RTC_CoarseCalibCmd) refers to stm32l1xx_rtc.o(i.RTC_ExitInitMode) for RTC_ExitInitMode
    stm32l1xx_rtc.o(i.RTC_CoarseCalibConfig) refers to stm32l1xx_rtc.o(i.RTC_EnterInitMode) for RTC_EnterInitMode
    stm32l1xx_rtc.o(i.RTC_CoarseCalibConfig) refers to stm32l1xx_rtc.o(i.RTC_ExitInitMode) for RTC_ExitInitMode
    stm32l1xx_rtc.o(i.RTC_DeInit) refers to stm32l1xx_rtc.o(i.RTC_EnterInitMode) for RTC_EnterInitMode
    stm32l1xx_rtc.o(i.RTC_DeInit) refers to stm32l1xx_rtc.o(i.RTC_WaitForSynchro) for RTC_WaitForSynchro
    stm32l1xx_rtc.o(i.RTC_GetAlarm) refers to stm32l1xx_rtc.o(i.RTC_Bcd2ToByte) for RTC_Bcd2ToByte
    stm32l1xx_rtc.o(i.RTC_GetDate) refers to stm32l1xx_rtc.o(i.RTC_Bcd2ToByte) for RTC_Bcd2ToByte
    stm32l1xx_rtc.o(i.RTC_GetTime) refers to stm32l1xx_rtc.o(i.RTC_Bcd2ToByte) for RTC_Bcd2ToByte
    stm32l1xx_rtc.o(i.RTC_GetTimeStamp) refers to stm32l1xx_rtc.o(i.RTC_Bcd2ToByte) for RTC_Bcd2ToByte
    stm32l1xx_rtc.o(i.RTC_Init) refers to stm32l1xx_rtc.o(i.RTC_EnterInitMode) for RTC_EnterInitMode
    stm32l1xx_rtc.o(i.RTC_Init) refers to stm32l1xx_rtc.o(i.RTC_ExitInitMode) for RTC_ExitInitMode
    stm32l1xx_rtc.o(i.RTC_RefClockCmd) refers to stm32l1xx_rtc.o(i.RTC_EnterInitMode) for RTC_EnterInitMode
    stm32l1xx_rtc.o(i.RTC_RefClockCmd) refers to stm32l1xx_rtc.o(i.RTC_ExitInitMode) for RTC_ExitInitMode
    stm32l1xx_rtc.o(i.RTC_SetAlarm) refers to stm32l1xx_rtc.o(i.RTC_Bcd2ToByte) for RTC_Bcd2ToByte
    stm32l1xx_rtc.o(i.RTC_SetAlarm) refers to stm32l1xx_rtc.o(i.RTC_ByteToBcd2) for RTC_ByteToBcd2
    stm32l1xx_rtc.o(i.RTC_SetDate) refers to stm32l1xx_rtc.o(i.RTC_Bcd2ToByte) for RTC_Bcd2ToByte
    stm32l1xx_rtc.o(i.RTC_SetDate) refers to stm32l1xx_rtc.o(i.RTC_EnterInitMode) for RTC_EnterInitMode
    stm32l1xx_rtc.o(i.RTC_SetDate) refers to stm32l1xx_rtc.o(i.RTC_ExitInitMode) for RTC_ExitInitMode
    stm32l1xx_rtc.o(i.RTC_SetDate) refers to stm32l1xx_rtc.o(i.RTC_WaitForSynchro) for RTC_WaitForSynchro
    stm32l1xx_rtc.o(i.RTC_SetDate) refers to stm32l1xx_rtc.o(i.RTC_ByteToBcd2) for RTC_ByteToBcd2
    stm32l1xx_rtc.o(i.RTC_SetTime) refers to stm32l1xx_rtc.o(i.RTC_Bcd2ToByte) for RTC_Bcd2ToByte
    stm32l1xx_rtc.o(i.RTC_SetTime) refers to stm32l1xx_rtc.o(i.RTC_ByteToBcd2) for RTC_ByteToBcd2
    stm32l1xx_rtc.o(i.RTC_SetTime) refers to stm32l1xx_rtc.o(i.RTC_EnterInitMode) for RTC_EnterInitMode
    stm32l1xx_rtc.o(i.RTC_SetTime) refers to stm32l1xx_rtc.o(i.RTC_ExitInitMode) for RTC_ExitInitMode
    stm32l1xx_rtc.o(i.RTC_SetTime) refers to stm32l1xx_rtc.o(i.RTC_WaitForSynchro) for RTC_WaitForSynchro
    stm32l1xx_rtc.o(i.RTC_SynchroShiftConfig) refers to stm32l1xx_rtc.o(i.RTC_WaitForSynchro) for RTC_WaitForSynchro
    stm32l1xx_sdio.o(i.SDIO_DeInit) refers to stm32l1xx_rcc.o(i.RCC_APB2PeriphResetCmd) for RCC_APB2PeriphResetCmd
    stm32l1xx_spi.o(i.I2S_Init) refers to stm32l1xx_rcc.o(i.RCC_GetClocksFreq) for RCC_GetClocksFreq
    stm32l1xx_spi.o(i.SPI_I2S_DeInit) refers to stm32l1xx_rcc.o(i.RCC_APB2PeriphResetCmd) for RCC_APB2PeriphResetCmd
    stm32l1xx_spi.o(i.SPI_I2S_DeInit) refers to stm32l1xx_rcc.o(i.RCC_APB1PeriphResetCmd) for RCC_APB1PeriphResetCmd
    stm32l1xx_syscfg.o(i.SYSCFG_DeInit) refers to stm32l1xx_rcc.o(i.RCC_APB2PeriphResetCmd) for RCC_APB2PeriphResetCmd
    stm32l1xx_tim.o(i.TIM_DeInit) refers to stm32l1xx_rcc.o(i.RCC_APB1PeriphResetCmd) for RCC_APB1PeriphResetCmd
    stm32l1xx_tim.o(i.TIM_DeInit) refers to stm32l1xx_rcc.o(i.RCC_APB2PeriphResetCmd) for RCC_APB2PeriphResetCmd
    stm32l1xx_tim.o(i.TIM_ETRClockMode1Config) refers to stm32l1xx_tim.o(i.TIM_ETRConfig) for TIM_ETRConfig
    stm32l1xx_tim.o(i.TIM_ETRClockMode2Config) refers to stm32l1xx_tim.o(i.TIM_ETRConfig) for TIM_ETRConfig
    stm32l1xx_tim.o(i.TIM_ICInit) refers to stm32l1xx_tim.o(i.TIM_SetIC4Prescaler) for TIM_SetIC4Prescaler
    stm32l1xx_tim.o(i.TIM_ICInit) refers to stm32l1xx_tim.o(i.TI1_Config) for TI1_Config
    stm32l1xx_tim.o(i.TIM_ICInit) refers to stm32l1xx_tim.o(i.TIM_SetIC1Prescaler) for TIM_SetIC1Prescaler
    stm32l1xx_tim.o(i.TIM_ICInit) refers to stm32l1xx_tim.o(i.TI2_Config) for TI2_Config
    stm32l1xx_tim.o(i.TIM_ICInit) refers to stm32l1xx_tim.o(i.TIM_SetIC2Prescaler) for TIM_SetIC2Prescaler
    stm32l1xx_tim.o(i.TIM_ICInit) refers to stm32l1xx_tim.o(i.TIM_SetIC3Prescaler) for TIM_SetIC3Prescaler
    stm32l1xx_tim.o(i.TIM_ITRxExternalClockConfig) refers to stm32l1xx_tim.o(i.TIM_SelectInputTrigger) for TIM_SelectInputTrigger
    stm32l1xx_tim.o(i.TIM_PWMIConfig) refers to stm32l1xx_tim.o(i.TI2_Config) for TI2_Config
    stm32l1xx_tim.o(i.TIM_PWMIConfig) refers to stm32l1xx_tim.o(i.TIM_SetIC2Prescaler) for TIM_SetIC2Prescaler
    stm32l1xx_tim.o(i.TIM_PWMIConfig) refers to stm32l1xx_tim.o(i.TI1_Config) for TI1_Config
    stm32l1xx_tim.o(i.TIM_PWMIConfig) refers to stm32l1xx_tim.o(i.TIM_SetIC1Prescaler) for TIM_SetIC1Prescaler
    stm32l1xx_tim.o(i.TIM_TIxExternalClockConfig) refers to stm32l1xx_tim.o(i.TI1_Config) for TI1_Config
    stm32l1xx_tim.o(i.TIM_TIxExternalClockConfig) refers to stm32l1xx_tim.o(i.TIM_SelectInputTrigger) for TIM_SelectInputTrigger
    stm32l1xx_tim.o(i.TIM_TIxExternalClockConfig) refers to stm32l1xx_tim.o(i.TI2_Config) for TI2_Config
    stm32l1xx_usart.o(i.USART_DeInit) refers to stm32l1xx_rcc.o(i.RCC_APB2PeriphResetCmd) for RCC_APB2PeriphResetCmd
    stm32l1xx_usart.o(i.USART_DeInit) refers to stm32l1xx_rcc.o(i.RCC_APB1PeriphResetCmd) for RCC_APB1PeriphResetCmd
    stm32l1xx_usart.o(i.USART_Init) refers to stm32l1xx_rcc.o(i.RCC_GetClocksFreq) for RCC_GetClocksFreq
    stm32l1xx_wwdg.o(i.WWDG_DeInit) refers to stm32l1xx_rcc.o(i.RCC_APB1PeriphResetCmd) for RCC_APB1PeriphResetCmd
    system_stm32l1xx.o(i.SystemCoreClockUpdate) refers to system_stm32l1xx.o(.data) for .data
    system_stm32l1xx.o(i.SystemInit) refers to system_stm32l1xx.o(i.SetSysClock) for SetSysClock
    startup_stm32l1xx_md.o(STACK) refers (Special) to heapauxi.o(.text) for __use_two_region_memory
    startup_stm32l1xx_md.o(HEAP) refers (Special) to heapauxi.o(.text) for __use_two_region_memory
    startup_stm32l1xx_md.o(RESET) refers (Special) to heapauxi.o(.text) for __use_two_region_memory
    startup_stm32l1xx_md.o(RESET) refers to startup_stm32l1xx_md.o(STACK) for __initial_sp
    startup_stm32l1xx_md.o(RESET) refers to startup_stm32l1xx_md.o(.text) for Reset_Handler
    startup_stm32l1xx_md.o(RESET) refers to stm32l1xx_it.o(i.NMI_Handler) for NMI_Handler
    startup_stm32l1xx_md.o(RESET) refers to stm32l1xx_it.o(i.HardFault_Handler) for HardFault_Handler
    startup_stm32l1xx_md.o(RESET) refers to stm32l1xx_it.o(i.MemManage_Handler) for MemManage_Handler
    startup_stm32l1xx_md.o(RESET) refers to stm32l1xx_it.o(i.BusFault_Handler) for BusFault_Handler
    startup_stm32l1xx_md.o(RESET) refers to stm32l1xx_it.o(i.UsageFault_Handler) for UsageFault_Handler
    startup_stm32l1xx_md.o(RESET) refers to stm32l1xx_it.o(i.SVC_Handler) for SVC_Handler
    startup_stm32l1xx_md.o(RESET) refers to stm32l1xx_it.o(i.DebugMon_Handler) for DebugMon_Handler
    startup_stm32l1xx_md.o(RESET) refers to stm32l1xx_it.o(i.PendSV_Handler) for PendSV_Handler
    startup_stm32l1xx_md.o(RESET) refers to stm32l1xx_it.o(i.SysTick_Handler) for SysTick_Handler
    startup_stm32l1xx_md.o(RESET) refers to stm32l1xx_it.o(i.RTC_WKUP_IRQHandler) for RTC_WKUP_IRQHandler
    startup_stm32l1xx_md.o(RESET) refers to stm32l1xx_it.o(i.EXTI0_IRQHandler) for EXTI0_IRQHandler
    startup_stm32l1xx_md.o(RESET) refers to stm32l1xx_it.o(i.DMA1_Channel1_IRQHandler) for DMA1_Channel1_IRQHandler
    startup_stm32l1xx_md.o(.text) refers (Special) to heapauxi.o(.text) for __use_two_region_memory
    startup_stm32l1xx_md.o(.text) refers to system_stm32l1xx.o(i.SystemInit) for SystemInit
    startup_stm32l1xx_md.o(.text) refers to __main.o(!!!main) for __main
    startup_stm32l1xx_md.o(.text) refers to startup_stm32l1xx_md.o(HEAP) for Heap_Mem
    startup_stm32l1xx_md.o(.text) refers to startup_stm32l1xx_md.o(STACK) for Stack_Mem
    __main.o(!!!main) refers to rtentry.o(.ARM.Collect$$rtentry$$00000000) for __rt_entry
    rtentry.o(.ARM.Collect$$rtentry$$00000000) refers (Special) to rtentry2.o(.ARM.Collect$$rtentry$$0000000A) for __rt_entry_li
    rtentry.o(.ARM.Collect$$rtentry$$00000000) refers (Special) to rtentry2.o(.ARM.Collect$$rtentry$$0000000D) for __rt_entry_main
    rtentry.o(.ARM.Collect$$rtentry$$00000000) refers (Special) to rtentry2.o(.ARM.Collect$$rtentry$$0000000C) for __rt_entry_postli_1
    rtentry.o(.ARM.Collect$$rtentry$$00000000) refers (Special) to rtentry2.o(.ARM.Collect$$rtentry$$00000009) for __rt_entry_postsh_1
    rtentry.o(.ARM.Collect$$rtentry$$00000000) refers (Special) to rtentry2.o(.ARM.Collect$$rtentry$$00000002) for __rt_entry_presh_1
    rtentry.o(.ARM.Collect$$rtentry$$00000000) refers (Special) to rtentry4.o(.ARM.Collect$$rtentry$$00000004) for __rt_entry_sh
    rtentry2.o(.ARM.Collect$$rtentry$$00000008) refers to boardinit2.o(.text) for _platform_post_stackheap_init
    rtentry2.o(.ARM.Collect$$rtentry$$0000000A) refers to libinit.o(.ARM.Collect$$libinit$$00000000) for __rt_lib_init
    rtentry2.o(.ARM.Collect$$rtentry$$0000000B) refers to boardinit3.o(.text) for _platform_post_lib_init
    rtentry2.o(.ARM.Collect$$rtentry$$0000000D) refers to main.o(i.main) for main
    rtentry2.o(.ARM.Collect$$rtentry$$0000000D) refers to exit.o(.text) for exit
    rtentry2.o(.ARM.exidx) refers to rtentry2.o(.ARM.Collect$$rtentry$$00000001) for .ARM.Collect$$rtentry$$00000001
    rtentry2.o(.ARM.exidx) refers to rtentry2.o(.ARM.Collect$$rtentry$$00000008) for .ARM.Collect$$rtentry$$00000008
    rtentry2.o(.ARM.exidx) refers to rtentry2.o(.ARM.Collect$$rtentry$$0000000A) for .ARM.Collect$$rtentry$$0000000A
    rtentry2.o(.ARM.exidx) refers to rtentry2.o(.ARM.Collect$$rtentry$$0000000B) for .ARM.Collect$$rtentry$$0000000B
    rtentry2.o(.ARM.exidx) refers to rtentry2.o(.ARM.Collect$$rtentry$$0000000D) for .ARM.Collect$$rtentry$$0000000D
    rtentry4.o(.ARM.Collect$$rtentry$$00000004) refers to sys_stackheap_outer.o(.text) for __user_setup_stackheap
    rtentry4.o(.ARM.exidx) refers to rtentry4.o(.ARM.Collect$$rtentry$$00000004) for .ARM.Collect$$rtentry$$00000004
    sys_stackheap_outer.o(.text) refers to libspace.o(.text) for __user_perproc_libspace
    sys_stackheap_outer.o(.text) refers to startup_stm32l1xx_md.o(.text) for __user_initial_stackheap
    exit.o(.text) refers to rtexit.o(.ARM.Collect$$rtexit$$00000000) for __rt_exit
    libinit.o(.ARM.Collect$$libinit$$00000000) refers (Special) to libinit2.o(.ARM.Collect$$libinit$$0000002C) for __rt_lib_init_alloca_1
    libinit.o(.ARM.Collect$$libinit$$00000000) refers (Special) to libinit2.o(.ARM.Collect$$libinit$$0000002A) for __rt_lib_init_argv_1
    libinit.o(.ARM.Collect$$libinit$$00000000) refers (Special) to libinit2.o(.ARM.Collect$$libinit$$00000019) for __rt_lib_init_atexit_1
    libinit.o(.ARM.Collect$$libinit$$00000000) refers (Special) to libinit2.o(.ARM.Collect$$libinit$$0000001F) for __rt_lib_init_clock_1
    libinit.o(.ARM.Collect$$libinit$$00000000) refers (Special) to libinit2.o(.ARM.Collect$$libinit$$00000030) for __rt_lib_init_cpp_1
    libinit.o(.ARM.Collect$$libinit$$00000000) refers (Special) to libinit2.o(.ARM.Collect$$libinit$$0000002E) for __rt_lib_init_exceptions_1
    libinit.o(.ARM.Collect$$libinit$$00000000) refers (Special) to libinit2.o(.ARM.Collect$$libinit$$00000002) for __rt_lib_init_fp_1
    libinit.o(.ARM.Collect$$libinit$$00000000) refers (Special) to libinit2.o(.ARM.Collect$$libinit$$0000001D) for __rt_lib_init_fp_trap_1
    libinit.o(.ARM.Collect$$libinit$$00000000) refers (Special) to libinit2.o(.ARM.Collect$$libinit$$00000021) for __rt_lib_init_getenv_1
    libinit.o(.ARM.Collect$$libinit$$00000000) refers (Special) to libinit2.o(.ARM.Collect$$libinit$$00000008) for __rt_lib_init_heap_1
    libinit.o(.ARM.Collect$$libinit$$00000000) refers (Special) to libinit2.o(.ARM.Collect$$libinit$$0000000F) for __rt_lib_init_lc_collate_1
    libinit.o(.ARM.Collect$$libinit$$00000000) refers (Special) to libinit2.o(.ARM.Collect$$libinit$$00000011) for __rt_lib_init_lc_ctype_1
    libinit.o(.ARM.Collect$$libinit$$00000000) refers (Special) to libinit2.o(.ARM.Collect$$libinit$$00000013) for __rt_lib_init_lc_monetary_1
    libinit.o(.ARM.Collect$$libinit$$00000000) refers (Special) to libinit2.o(.ARM.Collect$$libinit$$00000015) for __rt_lib_init_lc_numeric_1
    libinit.o(.ARM.Collect$$libinit$$00000000) refers (Special) to libinit2.o(.ARM.Collect$$libinit$$00000017) for __rt_lib_init_lc_time_1
    libinit.o(.ARM.Collect$$libinit$$00000000) refers (Special) to libinit2.o(.ARM.Collect$$libinit$$0000000C) for __rt_lib_init_rand_1
    libinit.o(.ARM.Collect$$libinit$$00000000) refers (Special) to libinit2.o(.ARM.Collect$$libinit$$00000031) for __rt_lib_init_return
    libinit.o(.ARM.Collect$$libinit$$00000000) refers (Special) to libinit2.o(.ARM.Collect$$libinit$$0000001B) for __rt_lib_init_signal_1
    libinit.o(.ARM.Collect$$libinit$$00000000) refers (Special) to libinit2.o(.ARM.Collect$$libinit$$00000023) for __rt_lib_init_stdio_1
    libinit.o(.ARM.Collect$$libinit$$00000000) refers (Special) to libinit2.o(.ARM.Collect$$libinit$$0000000A) for __rt_lib_init_user_alloc_1
    libspace.o(.text) refers to libspace.o(.bss) for __libspace_start
    rtexit.o(.ARM.Collect$$rtexit$$00000000) refers (Special) to rtexit2.o(.ARM.Collect$$rtexit$$00000004) for __rt_exit_exit
    rtexit.o(.ARM.Collect$$rtexit$$00000000) refers (Special) to rtexit2.o(.ARM.Collect$$rtexit$$00000003) for __rt_exit_ls
    rtexit.o(.ARM.Collect$$rtexit$$00000000) refers (Special) to rtexit2.o(.ARM.Collect$$rtexit$$00000002) for __rt_exit_prels_1
    rtexit.o(.ARM.exidx) refers (Special) to rtexit2.o(.ARM.Collect$$rtexit$$00000004) for __rt_exit_exit
    rtexit.o(.ARM.exidx) refers (Special) to rtexit2.o(.ARM.Collect$$rtexit$$00000003) for __rt_exit_ls
    rtexit.o(.ARM.exidx) refers (Special) to rtexit2.o(.ARM.Collect$$rtexit$$00000002) for __rt_exit_prels_1
    rtexit.o(.ARM.exidx) refers to rtexit.o(.ARM.Collect$$rtexit$$00000000) for .ARM.Collect$$rtexit$$00000000
    libinit2.o(.ARM.Collect$$libinit$$0000000E) refers to libinit2.o(.ARM.Collect$$libinit$$0000000D) for .ARM.Collect$$libinit$$0000000D
    libinit2.o(.ARM.Collect$$libinit$$00000010) refers to libinit2.o(.ARM.Collect$$libinit$$0000000D) for .ARM.Collect$$libinit$$0000000D
    libinit2.o(.ARM.Collect$$libinit$$00000012) refers to libinit2.o(.ARM.Collect$$libinit$$0000000D) for .ARM.Collect$$libinit$$0000000D
    libinit2.o(.ARM.Collect$$libinit$$00000014) refers to libinit2.o(.ARM.Collect$$libinit$$0000000D) for .ARM.Collect$$libinit$$0000000D
    libinit2.o(.ARM.Collect$$libinit$$00000016) refers to libinit2.o(.ARM.Collect$$libinit$$0000000D) for .ARM.Collect$$libinit$$0000000D
    libinit2.o(.ARM.Collect$$libinit$$00000024) refers to argv_veneer.o(.emb_text) for __ARM_argv_veneer
    libinit2.o(.ARM.Collect$$libinit$$00000025) refers to argv_veneer.o(.emb_text) for __ARM_argv_veneer
    rtexit2.o(.ARM.Collect$$rtexit$$00000003) refers to libshutdown.o(.ARM.Collect$$libshutdown$$00000000) for __rt_lib_shutdown
    rtexit2.o(.ARM.Collect$$rtexit$$00000004) refers to sys_exit.o(.text) for _sys_exit
    rtexit2.o(.ARM.exidx) refers to rtexit2.o(.ARM.Collect$$rtexit$$00000001) for .ARM.Collect$$rtexit$$00000001
    rtexit2.o(.ARM.exidx) refers to rtexit2.o(.ARM.Collect$$rtexit$$00000003) for .ARM.Collect$$rtexit$$00000003
    rtexit2.o(.ARM.exidx) refers to rtexit2.o(.ARM.Collect$$rtexit$$00000004) for .ARM.Collect$$rtexit$$00000004
    argv_veneer.o(.emb_text) refers to no_argv.o(.text) for __ARM_get_argv
    sys_exit.o(.text) refers (Special) to use_no_semi.o(.text) for __I$use$semihosting
    sys_exit.o(.text) refers (Special) to indicate_semi.o(.text) for __semihosting_library_function
    _get_argv_nomalloc.o(.text) refers (Special) to hrguard.o(.text) for __heap_region$guard
    _get_argv_nomalloc.o(.text) refers to defsig_rtmem_outer.o(.text) for __rt_SIGRTMEM
    _get_argv_nomalloc.o(.text) refers to sys_command.o(.text) for _sys_command_string
    libshutdown.o(.ARM.Collect$$libshutdown$$00000000) refers (Special) to libshutdown2.o(.ARM.Collect$$libshutdown$$00000006) for __rt_lib_shutdown_fp_trap_1
    libshutdown.o(.ARM.Collect$$libshutdown$$00000000) refers (Special) to libshutdown2.o(.ARM.Collect$$libshutdown$$0000000E) for __rt_lib_shutdown_heap_1
    libshutdown.o(.ARM.Collect$$libshutdown$$00000000) refers (Special) to libshutdown2.o(.ARM.Collect$$libshutdown$$0000000F) for __rt_lib_shutdown_return
    libshutdown.o(.ARM.Collect$$libshutdown$$00000000) refers (Special) to libshutdown2.o(.ARM.Collect$$libshutdown$$00000009) for __rt_lib_shutdown_signal_1
    libshutdown.o(.ARM.Collect$$libshutdown$$00000000) refers (Special) to libshutdown2.o(.ARM.Collect$$libshutdown$$00000003) for __rt_lib_shutdown_stdio_1
    libshutdown.o(.ARM.Collect$$libshutdown$$00000000) refers (Special) to libshutdown2.o(.ARM.Collect$$libshutdown$$0000000B) for __rt_lib_shutdown_user_alloc_1
    sys_command.o(.text) refers (Special) to use_no_semi.o(.text) for __I$use$semihosting
    sys_command.o(.text) refers (Special) to indicate_semi.o(.text) for __semihosting_library_function
    defsig_rtmem_outer.o(.text) refers to defsig_rtmem_inner.o(.text) for __rt_SIGRTMEM_inner
    defsig_rtmem_outer.o(.text) refers to defsig_exit.o(.text) for __sig_exit
    defsig_rtmem_formal.o(.text) refers to rt_raise.o(.text) for __rt_raise
    rt_raise.o(.text) refers to __raise.o(.text) for __raise
    rt_raise.o(.text) refers to sys_exit.o(.text) for _sys_exit
    defsig_exit.o(.text) refers to sys_exit.o(.text) for _sys_exit
    defsig_rtmem_inner.o(.text) refers to defsig_general.o(.text) for __default_signal_display
    __raise.o(.text) refers to defsig.o(CL$$defsig) for __default_signal_handler
    defsig_general.o(.text) refers to sys_wrch.o(.text) for _ttywrch
    sys_wrch.o(.text) refers (Special) to use_no_semi.o(.text) for __I$use$semihosting
    sys_wrch.o(.text) refers (Special) to indicate_semi.o(.text) for __semihosting_library_function
    defsig.o(CL$$defsig) refers to defsig_rtmem_inner.o(.text) for __rt_SIGRTMEM_inner
    defsig_abrt_inner.o(.text) refers to defsig_general.o(.text) for __default_signal_display
    defsig_fpe_inner.o(.text) refers to defsig_general.o(.text) for __default_signal_display
    defsig_rtred_inner.o(.text) refers to defsig_general.o(.text) for __default_signal_display
    defsig_stak_inner.o(.text) refers to defsig_general.o(.text) for __default_signal_display
    defsig_pvfn_inner.o(.text) refers to defsig_general.o(.text) for __default_signal_display
    defsig_cppl_inner.o(.text) refers to defsig_general.o(.text) for __default_signal_display
    defsig_segv_inner.o(.text) refers to defsig_general.o(.text) for __default_signal_display
    defsig_other.o(.text) refers to defsig_general.o(.text) for __default_signal_display


==============================================================================

Removing Unused input sections from the image.

    Removing main.o(.rev16_text), (4 bytes).
    Removing main.o(.revsh_text), (4 bytes).
    Removing stm32l1xx_it.o(.rev16_text), (4 bytes).
    Removing stm32l1xx_it.o(.revsh_text), (4 bytes).
    Removing stm32l_discovery_lcd.o(.rev16_text), (4 bytes).
    Removing stm32l_discovery_lcd.o(.revsh_text), (4 bytes).
    Removing stm32l_discovery_lcd.o(i.LCD_Conv_Char_Seg), (248 bytes).
    Removing stm32l_discovery_lcd.o(i.LCD_GLASS_Clear), (44 bytes).
    Removing stm32l_discovery_lcd.o(i.LCD_GLASS_Configure_GPIO), (380 bytes).
    Removing stm32l_discovery_lcd.o(i.LCD_GLASS_DisplayStrDeci), (82 bytes).
    Removing stm32l_discovery_lcd.o(i.LCD_GLASS_DisplayString), (52 bytes).
    Removing stm32l_discovery_lcd.o(i.LCD_GLASS_Init), (104 bytes).
    Removing stm32l_discovery_lcd.o(i.LCD_GLASS_ScrollSentence), (200 bytes).
    Removing stm32l_discovery_lcd.o(i.LCD_GLASS_WriteChar), (868 bytes).
    Removing stm32l_discovery_lcd.o(i.LCD_bar), (56 bytes).
    Removing stm32l_discovery_lcd.o(i.LCD_contrast), (60 bytes).
    Removing stm32l_discovery_lcd.o(.constdata), (72 bytes).
    Removing stm32l_discovery_lcd.o(.data), (3 bytes).
    Removing misc.o(.rev16_text), (4 bytes).
    Removing misc.o(.revsh_text), (4 bytes).
    Removing misc.o(i.NVIC_Init), (100 bytes).
    Removing misc.o(i.NVIC_PriorityGroupConfig), (20 bytes).
    Removing misc.o(i.NVIC_SetVectorTable), (20 bytes).
    Removing misc.o(i.NVIC_SystemLPConfig), (24 bytes).
    Removing misc.o(i.SysTick_CLKSourceConfig), (24 bytes).
    Removing stm32l1xx_adc.o(.rev16_text), (4 bytes).
    Removing stm32l1xx_adc.o(.revsh_text), (4 bytes).
    Removing stm32l1xx_adc.o(i.ADC_AnalogWatchdogCmd), (16 bytes).
    Removing stm32l1xx_adc.o(i.ADC_AnalogWatchdogSingleChannelConfig), (12 bytes).
    Removing stm32l1xx_adc.o(i.ADC_AnalogWatchdogThresholdsConfig), (6 bytes).
    Removing stm32l1xx_adc.o(i.ADC_AutoInjectedConvCmd), (20 bytes).
    Removing stm32l1xx_adc.o(i.ADC_BankSelection), (20 bytes).
    Removing stm32l1xx_adc.o(i.ADC_ClearFlag), (6 bytes).
    Removing stm32l1xx_adc.o(i.ADC_ClearITPendingBit), (8 bytes).
    Removing stm32l1xx_adc.o(i.ADC_Cmd), (20 bytes).
    Removing stm32l1xx_adc.o(i.ADC_CommonInit), (20 bytes).
    Removing stm32l1xx_adc.o(i.ADC_CommonStructInit), (6 bytes).
    Removing stm32l1xx_adc.o(i.ADC_ContinuousModeCmd), (20 bytes).
    Removing stm32l1xx_adc.o(i.ADC_DMACmd), (20 bytes).
    Removing stm32l1xx_adc.o(i.ADC_DMARequestAfterLastTransferCmd), (20 bytes).
    Removing stm32l1xx_adc.o(i.ADC_DeInit), (36 bytes).
    Removing stm32l1xx_adc.o(i.ADC_DelaySelectionConfig), (12 bytes).
    Removing stm32l1xx_adc.o(i.ADC_DiscModeChannelCountConfig), (16 bytes).
    Removing stm32l1xx_adc.o(i.ADC_DiscModeCmd), (20 bytes).
    Removing stm32l1xx_adc.o(i.ADC_EOCOnEachRegularChannelCmd), (20 bytes).
    Removing stm32l1xx_adc.o(i.ADC_ExternalTrigInjectedConvConfig), (12 bytes).
    Removing stm32l1xx_adc.o(i.ADC_ExternalTrigInjectedConvEdgeConfig), (12 bytes).
    Removing stm32l1xx_adc.o(i.ADC_GetConversionValue), (6 bytes).
    Removing stm32l1xx_adc.o(i.ADC_GetFlagStatus), (14 bytes).
    Removing stm32l1xx_adc.o(i.ADC_GetITStatus), (30 bytes).
    Removing stm32l1xx_adc.o(i.ADC_GetInjectedConversionValue), (14 bytes).
    Removing stm32l1xx_adc.o(i.ADC_GetSoftwareStartConvStatus), (14 bytes).
    Removing stm32l1xx_adc.o(i.ADC_GetSoftwareStartInjectedConvCmdStatus), (14 bytes).
    Removing stm32l1xx_adc.o(i.ADC_ITConfig), (18 bytes).
    Removing stm32l1xx_adc.o(i.ADC_Init), (76 bytes).
    Removing stm32l1xx_adc.o(i.ADC_InjectedChannelConfig), (126 bytes).
    Removing stm32l1xx_adc.o(i.ADC_InjectedDiscModeCmd), (20 bytes).
    Removing stm32l1xx_adc.o(i.ADC_InjectedSequencerLengthConfig), (16 bytes).
    Removing stm32l1xx_adc.o(i.ADC_PowerDownCmd), (16 bytes).
    Removing stm32l1xx_adc.o(i.ADC_RegularChannelConfig), (216 bytes).
    Removing stm32l1xx_adc.o(i.ADC_SetInjectedOffset), (10 bytes).
    Removing stm32l1xx_adc.o(i.ADC_SoftwareStartConv), (10 bytes).
    Removing stm32l1xx_adc.o(i.ADC_SoftwareStartInjectedConv), (10 bytes).
    Removing stm32l1xx_adc.o(i.ADC_StructInit), (24 bytes).
    Removing stm32l1xx_adc.o(i.ADC_TempSensorVrefintCmd), (28 bytes).
    Removing stm32l1xx_aes.o(.rev16_text), (4 bytes).
    Removing stm32l1xx_aes.o(.revsh_text), (4 bytes).
    Removing stm32l1xx_aes.o(i.AES_ClearFlag), (28 bytes).
    Removing stm32l1xx_aes.o(i.AES_ClearITPendingBit), (16 bytes).
    Removing stm32l1xx_aes.o(i.AES_Cmd), (28 bytes).
    Removing stm32l1xx_aes.o(i.AES_DMAConfig), (24 bytes).
    Removing stm32l1xx_aes.o(i.AES_DeInit), (24 bytes).
    Removing stm32l1xx_aes.o(i.AES_GetFlagStatus), (20 bytes).
    Removing stm32l1xx_aes.o(i.AES_GetITStatus), (60 bytes).
    Removing stm32l1xx_aes.o(i.AES_ITConfig), (24 bytes).
    Removing stm32l1xx_aes.o(i.AES_IVInit), (24 bytes).
    Removing stm32l1xx_aes.o(i.AES_IVStructInit), (12 bytes).
    Removing stm32l1xx_aes.o(i.AES_Init), (32 bytes).
    Removing stm32l1xx_aes.o(i.AES_KeyInit), (24 bytes).
    Removing stm32l1xx_aes.o(i.AES_KeyStructInit), (12 bytes).
    Removing stm32l1xx_aes.o(i.AES_ReadIV), (24 bytes).
    Removing stm32l1xx_aes.o(i.AES_ReadKey), (24 bytes).
    Removing stm32l1xx_aes.o(i.AES_ReadSubData), (12 bytes).
    Removing stm32l1xx_aes.o(i.AES_StructInit), (10 bytes).
    Removing stm32l1xx_aes.o(i.AES_WriteSubData), (12 bytes).
    Removing stm32l1xx_aes_util.o(.rev16_text), (4 bytes).
    Removing stm32l1xx_aes_util.o(.revsh_text), (4 bytes).
    Removing stm32l1xx_aes_util.o(i.AES_CBC_Decrypt), (242 bytes).
    Removing stm32l1xx_aes_util.o(i.AES_CBC_Encrypt), (240 bytes).
    Removing stm32l1xx_aes_util.o(i.AES_CTR_Decrypt), (242 bytes).
    Removing stm32l1xx_aes_util.o(i.AES_CTR_Encrypt), (240 bytes).
    Removing stm32l1xx_aes_util.o(i.AES_ECB_Decrypt), (202 bytes).
    Removing stm32l1xx_aes_util.o(i.AES_ECB_Encrypt), (200 bytes).
    Removing stm32l1xx_comp.o(.rev16_text), (4 bytes).
    Removing stm32l1xx_comp.o(.revsh_text), (4 bytes).
    Removing stm32l1xx_comp.o(i.COMP_Cmd), (28 bytes).
    Removing stm32l1xx_comp.o(i.COMP_DeInit), (12 bytes).
    Removing stm32l1xx_comp.o(i.COMP_GetOutputLevel), (32 bytes).
    Removing stm32l1xx_comp.o(i.COMP_Init), (36 bytes).
    Removing stm32l1xx_comp.o(i.COMP_SW1SwitchConfig), (28 bytes).
    Removing stm32l1xx_comp.o(i.COMP_VrefintOutputCmd), (28 bytes).
    Removing stm32l1xx_comp.o(i.COMP_WindowCmd), (28 bytes).
    Removing stm32l1xx_crc.o(.rev16_text), (4 bytes).
    Removing stm32l1xx_crc.o(.revsh_text), (4 bytes).
    Removing stm32l1xx_crc.o(i.CRC_CalcBlockCRC), (28 bytes).
    Removing stm32l1xx_crc.o(i.CRC_CalcCRC), (12 bytes).
    Removing stm32l1xx_crc.o(i.CRC_GetCRC), (12 bytes).
    Removing stm32l1xx_crc.o(i.CRC_GetIDRegister), (12 bytes).
    Removing stm32l1xx_crc.o(i.CRC_ResetDR), (12 bytes).
    Removing stm32l1xx_crc.o(i.CRC_SetIDRegister), (12 bytes).
    Removing stm32l1xx_dac.o(.rev16_text), (4 bytes).
    Removing stm32l1xx_dac.o(.revsh_text), (4 bytes).
    Removing stm32l1xx_dac.o(i.DAC_ClearFlag), (12 bytes).
    Removing stm32l1xx_dac.o(i.DAC_ClearITPendingBit), (12 bytes).
    Removing stm32l1xx_dac.o(i.DAC_Cmd), (24 bytes).
    Removing stm32l1xx_dac.o(i.DAC_DMACmd), (24 bytes).
    Removing stm32l1xx_dac.o(i.DAC_DeInit), (24 bytes).
    Removing stm32l1xx_dac.o(i.DAC_DualSoftwareTriggerCmd), (28 bytes).
    Removing stm32l1xx_dac.o(i.DAC_GetDataOutputValue), (24 bytes).
    Removing stm32l1xx_dac.o(i.DAC_GetFlagStatus), (24 bytes).
    Removing stm32l1xx_dac.o(i.DAC_GetITStatus), (36 bytes).
    Removing stm32l1xx_dac.o(i.DAC_ITConfig), (24 bytes).
    Removing stm32l1xx_dac.o(i.DAC_Init), (40 bytes).
    Removing stm32l1xx_dac.o(i.DAC_SetChannel1Data), (20 bytes).
    Removing stm32l1xx_dac.o(i.DAC_SetChannel2Data), (20 bytes).
    Removing stm32l1xx_dac.o(i.DAC_SetDualChannelData), (28 bytes).
    Removing stm32l1xx_dac.o(i.DAC_SoftwareTriggerCmd), (28 bytes).
    Removing stm32l1xx_dac.o(i.DAC_StructInit), (12 bytes).
    Removing stm32l1xx_dac.o(i.DAC_WaveGenerationCmd), (24 bytes).
    Removing stm32l1xx_dbgmcu.o(.rev16_text), (4 bytes).
    Removing stm32l1xx_dbgmcu.o(.revsh_text), (4 bytes).
    Removing stm32l1xx_dbgmcu.o(i.DBGMCU_APB1PeriphConfig), (24 bytes).
    Removing stm32l1xx_dbgmcu.o(i.DBGMCU_APB2PeriphConfig), (24 bytes).
    Removing stm32l1xx_dbgmcu.o(i.DBGMCU_Config), (24 bytes).
    Removing stm32l1xx_dbgmcu.o(i.DBGMCU_GetDEVID), (16 bytes).
    Removing stm32l1xx_dbgmcu.o(i.DBGMCU_GetREVID), (12 bytes).
    Removing stm32l1xx_dma.o(.rev16_text), (4 bytes).
    Removing stm32l1xx_dma.o(.revsh_text), (4 bytes).
    Removing stm32l1xx_dma.o(i.DMA_ClearFlag), (24 bytes).
    Removing stm32l1xx_dma.o(i.DMA_ClearITPendingBit), (24 bytes).
    Removing stm32l1xx_dma.o(i.DMA_Cmd), (22 bytes).
    Removing stm32l1xx_dma.o(i.DMA_DeInit), (228 bytes).
    Removing stm32l1xx_dma.o(i.DMA_GetCurrDataCounter), (6 bytes).
    Removing stm32l1xx_dma.o(i.DMA_GetFlagStatus), (32 bytes).
    Removing stm32l1xx_dma.o(i.DMA_GetITStatus), (32 bytes).
    Removing stm32l1xx_dma.o(i.DMA_ITConfig), (16 bytes).
    Removing stm32l1xx_dma.o(i.DMA_Init), (58 bytes).
    Removing stm32l1xx_dma.o(i.DMA_SetCurrDataCounter), (4 bytes).
    Removing stm32l1xx_dma.o(i.DMA_StructInit), (26 bytes).
    Removing stm32l1xx_exti.o(.rev16_text), (4 bytes).
    Removing stm32l1xx_exti.o(.revsh_text), (4 bytes).
    Removing stm32l1xx_exti.o(i.EXTI_ClearFlag), (12 bytes).
    Removing stm32l1xx_exti.o(i.EXTI_ClearITPendingBit), (12 bytes).
    Removing stm32l1xx_exti.o(i.EXTI_DeInit), (36 bytes).
    Removing stm32l1xx_exti.o(i.EXTI_GenerateSWInterrupt), (16 bytes).
    Removing stm32l1xx_exti.o(i.EXTI_GetFlagStatus), (20 bytes).
    Removing stm32l1xx_exti.o(i.EXTI_GetITStatus), (20 bytes).
    Removing stm32l1xx_exti.o(i.EXTI_Init), (112 bytes).
    Removing stm32l1xx_exti.o(i.EXTI_StructInit), (14 bytes).
    Removing stm32l1xx_flash.o(.rev16_text), (4 bytes).
    Removing stm32l1xx_flash.o(.revsh_text), (4 bytes).
    Removing stm32l1xx_flash.o(i.DATA_EEPROM_EraseByte), (22 bytes).
    Removing stm32l1xx_flash.o(i.DATA_EEPROM_EraseHalfWord), (22 bytes).
    Removing stm32l1xx_flash.o(i.DATA_EEPROM_EraseWord), (22 bytes).
    Removing stm32l1xx_flash.o(i.DATA_EEPROM_FastProgramByte), (84 bytes).
    Removing stm32l1xx_flash.o(i.DATA_EEPROM_FastProgramHalfWord), (112 bytes).
    Removing stm32l1xx_flash.o(i.DATA_EEPROM_FastProgramWord), (48 bytes).
    Removing stm32l1xx_flash.o(i.DATA_EEPROM_FixedTimeProgramCmd), (28 bytes).
    Removing stm32l1xx_flash.o(i.DATA_EEPROM_Lock), (16 bytes).
    Removing stm32l1xx_flash.o(i.DATA_EEPROM_ProgramByte), (70 bytes).
    Removing stm32l1xx_flash.o(i.DATA_EEPROM_ProgramHalfWord), (96 bytes).
    Removing stm32l1xx_flash.o(i.DATA_EEPROM_ProgramWord), (34 bytes).
    Removing stm32l1xx_flash.o(i.DATA_EEPROM_Unlock), (36 bytes).
    Removing stm32l1xx_flash.o(i.FLASH_ClearFlag), (12 bytes).
    Removing stm32l1xx_flash.o(i.FLASH_ErasePage), (68 bytes).
    Removing stm32l1xx_flash.o(i.FLASH_FastProgramWord), (34 bytes).
    Removing stm32l1xx_flash.o(i.FLASH_GetFlagStatus), (20 bytes).
    Removing stm32l1xx_flash.o(i.FLASH_GetStatus), (40 bytes).
    Removing stm32l1xx_flash.o(i.FLASH_ITConfig), (24 bytes).
    Removing stm32l1xx_flash.o(i.FLASH_Lock), (16 bytes).
    Removing stm32l1xx_flash.o(i.FLASH_OB_BORConfig), (56 bytes).
    Removing stm32l1xx_flash.o(i.FLASH_OB_BootConfig), (56 bytes).
    Removing stm32l1xx_flash.o(i.FLASH_OB_GetBOR), (16 bytes).
    Removing stm32l1xx_flash.o(i.FLASH_OB_GetRDP), (20 bytes).
    Removing stm32l1xx_flash.o(i.FLASH_OB_GetSPRMOD), (20 bytes).
    Removing stm32l1xx_flash.o(i.FLASH_OB_GetUser), (16 bytes).
    Removing stm32l1xx_flash.o(i.FLASH_OB_GetWRP), (12 bytes).
    Removing stm32l1xx_flash.o(i.FLASH_OB_GetWRP1), (12 bytes).
    Removing stm32l1xx_flash.o(i.FLASH_OB_GetWRP2), (12 bytes).
    Removing stm32l1xx_flash.o(i.FLASH_OB_Launch), (16 bytes).
    Removing stm32l1xx_flash.o(i.FLASH_OB_Lock), (16 bytes).
    Removing stm32l1xx_flash.o(i.FLASH_OB_PCROP1Config), (84 bytes).
    Removing stm32l1xx_flash.o(i.FLASH_OB_PCROPConfig), (84 bytes).
    Removing stm32l1xx_flash.o(i.FLASH_OB_PCROPSelectionConfig), (48 bytes).
    Removing stm32l1xx_flash.o(i.FLASH_OB_RDPConfig), (44 bytes).
    Removing stm32l1xx_flash.o(i.FLASH_OB_Unlock), (40 bytes).
    Removing stm32l1xx_flash.o(i.FLASH_OB_UserConfig), (60 bytes).
    Removing stm32l1xx_flash.o(i.FLASH_OB_WRP1Config), (84 bytes).
    Removing stm32l1xx_flash.o(i.FLASH_OB_WRP2Config), (84 bytes).
    Removing stm32l1xx_flash.o(i.FLASH_OB_WRPConfig), (84 bytes).
    Removing stm32l1xx_flash.o(i.FLASH_PrefetchBufferCmd), (28 bytes).
    Removing stm32l1xx_flash.o(i.FLASH_ReadAccess64Cmd), (28 bytes).
    Removing stm32l1xx_flash.o(i.FLASH_SLEEPPowerDownCmd), (28 bytes).
    Removing stm32l1xx_flash.o(i.FLASH_SetLatency), (20 bytes).
    Removing stm32l1xx_flash.o(i.FLASH_Unlock), (40 bytes).
    Removing stm32l1xx_flash.o(i.FLASH_WaitForLastOperation), (58 bytes).
    Removing stm32l1xx_flash_ramfunc.o(.rev16_text), (4 bytes).
    Removing stm32l1xx_flash_ramfunc.o(.revsh_text), (4 bytes).
    Removing stm32l1xx_flash_ramfunc.o(i.DATA_EEPROM_EraseDoubleWord), (96 bytes).
    Removing stm32l1xx_flash_ramfunc.o(i.DATA_EEPROM_ProgramDoubleWord), (100 bytes).
    Removing stm32l1xx_flash_ramfunc.o(i.FLASH_EraseParallelPage), (92 bytes).
    Removing stm32l1xx_flash_ramfunc.o(i.FLASH_ProgramHalfPage), (112 bytes).
    Removing stm32l1xx_flash_ramfunc.o(i.FLASH_ProgramParallelHalfPage), (172 bytes).
    Removing stm32l1xx_flash_ramfunc.o(i.FLASH_RUNPowerDownCmd), (64 bytes).
    Removing stm32l1xx_flash_ramfunc.o(i.GetStatus), (40 bytes).
    Removing stm32l1xx_flash_ramfunc.o(i.WaitForLastOperation), (58 bytes).
    Removing stm32l1xx_fsmc.o(.rev16_text), (4 bytes).
    Removing stm32l1xx_fsmc.o(.revsh_text), (4 bytes).
    Removing stm32l1xx_fsmc.o(i.FSMC_NORSRAMCmd), (26 bytes).
    Removing stm32l1xx_fsmc.o(i.FSMC_NORSRAMDeInit), (40 bytes).
    Removing stm32l1xx_fsmc.o(i.FSMC_NORSRAMInit), (200 bytes).
    Removing stm32l1xx_fsmc.o(i.FSMC_NORSRAMStructInit), (98 bytes).
    Removing stm32l1xx_gpio.o(.rev16_text), (4 bytes).
    Removing stm32l1xx_gpio.o(.revsh_text), (4 bytes).
    Removing stm32l1xx_gpio.o(i.GPIO_DeInit), (204 bytes).
    Removing stm32l1xx_gpio.o(i.GPIO_PinAFConfig), (32 bytes).
    Removing stm32l1xx_gpio.o(i.GPIO_PinLockConfig), (24 bytes).
    Removing stm32l1xx_gpio.o(i.GPIO_ReadInputData), (4 bytes).
    Removing stm32l1xx_gpio.o(i.GPIO_ReadInputDataBit), (14 bytes).
    Removing stm32l1xx_gpio.o(i.GPIO_ReadOutputData), (4 bytes).
    Removing stm32l1xx_gpio.o(i.GPIO_ReadOutputDataBit), (14 bytes).
    Removing stm32l1xx_gpio.o(i.GPIO_ResetBits), (4 bytes).
    Removing stm32l1xx_gpio.o(i.GPIO_StructInit), (18 bytes).
    Removing stm32l1xx_gpio.o(i.GPIO_Write), (4 bytes).
    Removing stm32l1xx_gpio.o(i.GPIO_WriteBit), (10 bytes).
    Removing stm32l1xx_i2c.o(.rev16_text), (4 bytes).
    Removing stm32l1xx_i2c.o(.revsh_text), (4 bytes).
    Removing stm32l1xx_i2c.o(i.I2C_ARPCmd), (20 bytes).
    Removing stm32l1xx_i2c.o(i.I2C_AcknowledgeConfig), (20 bytes).
    Removing stm32l1xx_i2c.o(i.I2C_CalculatePEC), (20 bytes).
    Removing stm32l1xx_i2c.o(i.I2C_CheckEvent), (24 bytes).
    Removing stm32l1xx_i2c.o(i.I2C_ClearFlag), (6 bytes).
    Removing stm32l1xx_i2c.o(i.I2C_ClearITPendingBit), (6 bytes).
    Removing stm32l1xx_i2c.o(i.I2C_Cmd), (20 bytes).
    Removing stm32l1xx_i2c.o(i.I2C_DMACmd), (20 bytes).
    Removing stm32l1xx_i2c.o(i.I2C_DMALastTransferCmd), (20 bytes).
    Removing stm32l1xx_i2c.o(i.I2C_DeInit), (44 bytes).
    Removing stm32l1xx_i2c.o(i.I2C_DualAddressCmd), (20 bytes).
    Removing stm32l1xx_i2c.o(i.I2C_FastModeDutyCycleConfig), (22 bytes).
    Removing stm32l1xx_i2c.o(i.I2C_GeneralCallCmd), (20 bytes).
    Removing stm32l1xx_i2c.o(i.I2C_GenerateSTART), (20 bytes).
    Removing stm32l1xx_i2c.o(i.I2C_GenerateSTOP), (20 bytes).
    Removing stm32l1xx_i2c.o(i.I2C_GetFlagStatus), (42 bytes).
    Removing stm32l1xx_i2c.o(i.I2C_GetITStatus), (36 bytes).
    Removing stm32l1xx_i2c.o(i.I2C_GetLastEvent), (14 bytes).
    Removing stm32l1xx_i2c.o(i.I2C_GetPEC), (6 bytes).
    Removing stm32l1xx_i2c.o(i.I2C_ITConfig), (16 bytes).
    Removing stm32l1xx_i2c.o(i.I2C_Init), (184 bytes).
    Removing stm32l1xx_i2c.o(i.I2C_NACKPositionConfig), (22 bytes).
    Removing stm32l1xx_i2c.o(i.I2C_OwnAddress2Config), (16 bytes).
    Removing stm32l1xx_i2c.o(i.I2C_PECPositionConfig), (22 bytes).
    Removing stm32l1xx_i2c.o(i.I2C_ReadRegister), (10 bytes).
    Removing stm32l1xx_i2c.o(i.I2C_ReceiveData), (6 bytes).
    Removing stm32l1xx_i2c.o(i.I2C_SMBusAlertConfig), (22 bytes).
    Removing stm32l1xx_i2c.o(i.I2C_Send7bitAddress), (16 bytes).
    Removing stm32l1xx_i2c.o(i.I2C_SendData), (4 bytes).
    Removing stm32l1xx_i2c.o(i.I2C_SoftwareResetCmd), (20 bytes).
    Removing stm32l1xx_i2c.o(i.I2C_StretchClockCmd), (20 bytes).
    Removing stm32l1xx_i2c.o(i.I2C_StructInit), (28 bytes).
    Removing stm32l1xx_i2c.o(i.I2C_TransmitPEC), (20 bytes).
    Removing stm32l1xx_iwdg.o(.rev16_text), (4 bytes).
    Removing stm32l1xx_iwdg.o(.revsh_text), (4 bytes).
    Removing stm32l1xx_iwdg.o(i.IWDG_Enable), (16 bytes).
    Removing stm32l1xx_iwdg.o(i.IWDG_GetFlagStatus), (20 bytes).
    Removing stm32l1xx_iwdg.o(i.IWDG_ReloadCounter), (16 bytes).
    Removing stm32l1xx_iwdg.o(i.IWDG_SetPrescaler), (12 bytes).
    Removing stm32l1xx_iwdg.o(i.IWDG_SetReload), (12 bytes).
    Removing stm32l1xx_iwdg.o(i.IWDG_WriteAccessCmd), (12 bytes).
    Removing stm32l1xx_lcd.o(.rev16_text), (4 bytes).
    Removing stm32l1xx_lcd.o(.revsh_text), (4 bytes).
    Removing stm32l1xx_lcd.o(i.LCD_BlinkConfig), (24 bytes).
    Removing stm32l1xx_lcd.o(i.LCD_ClearFlag), (12 bytes).
    Removing stm32l1xx_lcd.o(i.LCD_ClearITPendingBit), (12 bytes).
    Removing stm32l1xx_lcd.o(i.LCD_Cmd), (12 bytes).
    Removing stm32l1xx_lcd.o(i.LCD_ContrastConfig), (24 bytes).
    Removing stm32l1xx_lcd.o(i.LCD_DeInit), (24 bytes).
    Removing stm32l1xx_lcd.o(i.LCD_DeadTimeConfig), (24 bytes).
    Removing stm32l1xx_lcd.o(i.LCD_GetFlagStatus), (20 bytes).
    Removing stm32l1xx_lcd.o(i.LCD_GetITStatus), (36 bytes).
    Removing stm32l1xx_lcd.o(i.LCD_HighDriveCmd), (12 bytes).
    Removing stm32l1xx_lcd.o(i.LCD_ITConfig), (24 bytes).
    Removing stm32l1xx_lcd.o(i.LCD_Init), (64 bytes).
    Removing stm32l1xx_lcd.o(i.LCD_MuxSegmentCmd), (12 bytes).
    Removing stm32l1xx_lcd.o(i.LCD_PulseOnDurationConfig), (24 bytes).
    Removing stm32l1xx_lcd.o(i.LCD_StructInit), (14 bytes).
    Removing stm32l1xx_lcd.o(i.LCD_UpdateDisplayRequest), (16 bytes).
    Removing stm32l1xx_lcd.o(i.LCD_WaitForSynchro), (28 bytes).
    Removing stm32l1xx_lcd.o(i.LCD_Write), (16 bytes).
    Removing stm32l1xx_opamp.o(.rev16_text), (4 bytes).
    Removing stm32l1xx_opamp.o(.revsh_text), (4 bytes).
    Removing stm32l1xx_opamp.o(i.OPAMP_Cmd), (24 bytes).
    Removing stm32l1xx_opamp.o(i.OPAMP_DeInit), (40 bytes).
    Removing stm32l1xx_opamp.o(i.OPAMP_GetFlagStatus), (40 bytes).
    Removing stm32l1xx_opamp.o(i.OPAMP_LowPowerCmd), (28 bytes).
    Removing stm32l1xx_opamp.o(i.OPAMP_OffsetTrimConfig), (116 bytes).
    Removing stm32l1xx_opamp.o(i.OPAMP_OffsetTrimLowPowerConfig), (116 bytes).
    Removing stm32l1xx_opamp.o(i.OPAMP_OffsetTrimmingModeSelect), (24 bytes).
    Removing stm32l1xx_opamp.o(i.OPAMP_PowerRangeSelect), (24 bytes).
    Removing stm32l1xx_opamp.o(i.OPAMP_SwitchCmd), (24 bytes).
    Removing stm32l1xx_pwr.o(.rev16_text), (4 bytes).
    Removing stm32l1xx_pwr.o(.revsh_text), (4 bytes).
    Removing stm32l1xx_pwr.o(i.PWR_ClearFlag), (16 bytes).
    Removing stm32l1xx_pwr.o(i.PWR_DeInit), (24 bytes).
    Removing stm32l1xx_pwr.o(i.PWR_EnterLowPowerRunMode), (44 bytes).
    Removing stm32l1xx_pwr.o(i.PWR_EnterSTANDBYMode), (40 bytes).
    Removing stm32l1xx_pwr.o(i.PWR_EnterSTOPMode), (52 bytes).
    Removing stm32l1xx_pwr.o(i.PWR_EnterSleepMode), (44 bytes).
    Removing stm32l1xx_pwr.o(i.PWR_FastWakeUpCmd), (12 bytes).
    Removing stm32l1xx_pwr.o(i.PWR_GetFlagStatus), (20 bytes).
    Removing stm32l1xx_pwr.o(i.PWR_PVDCmd), (12 bytes).
    Removing stm32l1xx_pwr.o(i.PWR_PVDLevelConfig), (20 bytes).
    Removing stm32l1xx_pwr.o(i.PWR_RTCAccessCmd), (12 bytes).
    Removing stm32l1xx_pwr.o(i.PWR_UltraLowPowerCmd), (12 bytes).
    Removing stm32l1xx_pwr.o(i.PWR_VoltageScalingConfig), (24 bytes).
    Removing stm32l1xx_pwr.o(i.PWR_WakeUpPinCmd), (16 bytes).
    Removing stm32l1xx_rcc.o(.rev16_text), (4 bytes).
    Removing stm32l1xx_rcc.o(.revsh_text), (4 bytes).
    Removing stm32l1xx_rcc.o(i.RCC_AHBPeriphClockLPModeCmd), (24 bytes).
    Removing stm32l1xx_rcc.o(i.RCC_AHBPeriphResetCmd), (24 bytes).
    Removing stm32l1xx_rcc.o(i.RCC_APB1PeriphClockCmd), (24 bytes).
    Removing stm32l1xx_rcc.o(i.RCC_APB1PeriphClockLPModeCmd), (24 bytes).
    Removing stm32l1xx_rcc.o(i.RCC_APB1PeriphResetCmd), (24 bytes).
    Removing stm32l1xx_rcc.o(i.RCC_APB2PeriphClockCmd), (24 bytes).
    Removing stm32l1xx_rcc.o(i.RCC_APB2PeriphClockLPModeCmd), (24 bytes).
    Removing stm32l1xx_rcc.o(i.RCC_APB2PeriphResetCmd), (24 bytes).
    Removing stm32l1xx_rcc.o(i.RCC_AdjustHSICalibrationValue), (20 bytes).
    Removing stm32l1xx_rcc.o(i.RCC_AdjustMSICalibrationValue), (12 bytes).
    Removing stm32l1xx_rcc.o(i.RCC_ClearFlag), (16 bytes).
    Removing stm32l1xx_rcc.o(i.RCC_ClearITPendingBit), (12 bytes).
    Removing stm32l1xx_rcc.o(i.RCC_ClockSecuritySystemCmd), (12 bytes).
    Removing stm32l1xx_rcc.o(i.RCC_GetClocksFreq), (168 bytes).
    Removing stm32l1xx_rcc.o(i.RCC_GetFlagStatus), (40 bytes).
    Removing stm32l1xx_rcc.o(i.RCC_GetITStatus), (20 bytes).
    Removing stm32l1xx_rcc.o(i.RCC_GetSYSCLKSource), (16 bytes).
    Removing stm32l1xx_rcc.o(i.RCC_HCLKConfig), (20 bytes).
    Removing stm32l1xx_rcc.o(i.RCC_HSEConfig), (16 bytes).
    Removing stm32l1xx_rcc.o(i.RCC_HSICmd), (12 bytes).
    Removing stm32l1xx_rcc.o(i.RCC_ITConfig), (24 bytes).
    Removing stm32l1xx_rcc.o(i.RCC_LSEClockSecuritySystemCmd), (12 bytes).
    Removing stm32l1xx_rcc.o(i.RCC_LSEConfig), (16 bytes).
    Removing stm32l1xx_rcc.o(i.RCC_LSICmd), (12 bytes).
    Removing stm32l1xx_rcc.o(i.RCC_MCOConfig), (12 bytes).
    Removing stm32l1xx_rcc.o(i.RCC_MSICmd), (12 bytes).
    Removing stm32l1xx_rcc.o(i.RCC_MSIRangeConfig), (20 bytes).
    Removing stm32l1xx_rcc.o(i.RCC_PCLK1Config), (20 bytes).
    Removing stm32l1xx_rcc.o(i.RCC_PCLK2Config), (20 bytes).
    Removing stm32l1xx_rcc.o(i.RCC_PLLCmd), (12 bytes).
    Removing stm32l1xx_rcc.o(i.RCC_PLLConfig), (16 bytes).
    Removing stm32l1xx_rcc.o(i.RCC_RTCCLKCmd), (12 bytes).
    Removing stm32l1xx_rcc.o(i.RCC_RTCCLKConfig), (52 bytes).
    Removing stm32l1xx_rcc.o(i.RCC_RTCResetCmd), (12 bytes).
    Removing stm32l1xx_rcc.o(i.RCC_SYSCLKConfig), (20 bytes).
    Removing stm32l1xx_rcc.o(i.RCC_WaitForHSEStartUp), (44 bytes).
    Removing stm32l1xx_rcc.o(.data), (25 bytes).
    Removing stm32l1xx_rtc.o(.rev16_text), (4 bytes).
    Removing stm32l1xx_rtc.o(.revsh_text), (4 bytes).
    Removing stm32l1xx_rtc.o(i.RTC_AlarmCmd), (84 bytes).
    Removing stm32l1xx_rtc.o(i.RTC_AlarmStructInit), (20 bytes).
    Removing stm32l1xx_rtc.o(i.RTC_AlarmSubSecondConfig), (44 bytes).
    Removing stm32l1xx_rtc.o(i.RTC_Bcd2ToByte), (18 bytes).
    Removing stm32l1xx_rtc.o(i.RTC_BypassShadowCmd), (44 bytes).
    Removing stm32l1xx_rtc.o(i.RTC_ByteToBcd2), (24 bytes).
    Removing stm32l1xx_rtc.o(i.RTC_CalibOutputCmd), (44 bytes).
    Removing stm32l1xx_rtc.o(i.RTC_CalibOutputConfig), (40 bytes).
    Removing stm32l1xx_rtc.o(i.RTC_ClearFlag), (28 bytes).
    Removing stm32l1xx_rtc.o(i.RTC_ClearITPendingBit), (28 bytes).
    Removing stm32l1xx_rtc.o(i.RTC_CoarseCalibCmd), (60 bytes).
    Removing stm32l1xx_rtc.o(i.RTC_CoarseCalibConfig), (52 bytes).
    Removing stm32l1xx_rtc.o(i.RTC_DateStructInit), (14 bytes).
    Removing stm32l1xx_rtc.o(i.RTC_DayLightSavingConfig), (44 bytes).
    Removing stm32l1xx_rtc.o(i.RTC_DeInit), (176 bytes).
    Removing stm32l1xx_rtc.o(i.RTC_EnterInitMode), (60 bytes).
    Removing stm32l1xx_rtc.o(i.RTC_ExitInitMode), (16 bytes).
    Removing stm32l1xx_rtc.o(i.RTC_GetAlarm), (108 bytes).
    Removing stm32l1xx_rtc.o(i.RTC_GetAlarmSubSecond), (28 bytes).
    Removing stm32l1xx_rtc.o(i.RTC_GetDate), (72 bytes).
    Removing stm32l1xx_rtc.o(i.RTC_GetFlagStatus), (28 bytes).
    Removing stm32l1xx_rtc.o(i.RTC_GetITStatus), (64 bytes).
    Removing stm32l1xx_rtc.o(i.RTC_GetStoreOperation), (16 bytes).
    Removing stm32l1xx_rtc.o(i.RTC_GetSubSecond), (16 bytes).
    Removing stm32l1xx_rtc.o(i.RTC_GetTime), (76 bytes).
    Removing stm32l1xx_rtc.o(i.RTC_GetTimeStamp), (136 bytes).
    Removing stm32l1xx_rtc.o(i.RTC_GetTimeStampSubSecond), (12 bytes).
    Removing stm32l1xx_rtc.o(i.RTC_GetWakeUpCounter), (12 bytes).
    Removing stm32l1xx_rtc.o(i.RTC_ITConfig), (64 bytes).
    Removing stm32l1xx_rtc.o(i.RTC_Init), (80 bytes).
    Removing stm32l1xx_rtc.o(i.RTC_OutputConfig), (44 bytes).
    Removing stm32l1xx_rtc.o(i.RTC_OutputTypeConfig), (24 bytes).
    Removing stm32l1xx_rtc.o(i.RTC_ReadBackupRegister), (20 bytes).
    Removing stm32l1xx_rtc.o(i.RTC_RefClockCmd), (60 bytes).
    Removing stm32l1xx_rtc.o(i.RTC_SetAlarm), (164 bytes).
    Removing stm32l1xx_rtc.o(i.RTC_SetDate), (156 bytes).
    Removing stm32l1xx_rtc.o(i.RTC_SetTime), (160 bytes).
    Removing stm32l1xx_rtc.o(i.RTC_SetWakeUpCounter), (28 bytes).
    Removing stm32l1xx_rtc.o(i.RTC_SmoothCalibConfig), (72 bytes).
    Removing stm32l1xx_rtc.o(i.RTC_StructInit), (14 bytes).
    Removing stm32l1xx_rtc.o(i.RTC_SynchroShiftConfig), (88 bytes).
    Removing stm32l1xx_rtc.o(i.RTC_TamperCmd), (24 bytes).
    Removing stm32l1xx_rtc.o(i.RTC_TamperFilterConfig), (24 bytes).
    Removing stm32l1xx_rtc.o(i.RTC_TamperPinsPrechargeDuration), (24 bytes).
    Removing stm32l1xx_rtc.o(i.RTC_TamperPullUpCmd), (28 bytes).
    Removing stm32l1xx_rtc.o(i.RTC_TamperSamplingFreqConfig), (24 bytes).
    Removing stm32l1xx_rtc.o(i.RTC_TamperTriggerConfig), (28 bytes).
    Removing stm32l1xx_rtc.o(i.RTC_TimeStampCmd), (48 bytes).
    Removing stm32l1xx_rtc.o(i.RTC_TimeStampOnTamperDetectionCmd), (28 bytes).
    Removing stm32l1xx_rtc.o(i.RTC_TimeStructInit), (12 bytes).
    Removing stm32l1xx_rtc.o(i.RTC_WaitForSynchro), (72 bytes).
    Removing stm32l1xx_rtc.o(i.RTC_WakeUpClockConfig), (40 bytes).
    Removing stm32l1xx_rtc.o(i.RTC_WakeUpCmd), (88 bytes).
    Removing stm32l1xx_rtc.o(i.RTC_WriteBackupRegister), (20 bytes).
    Removing stm32l1xx_rtc.o(i.RTC_WriteProtectionCmd), (24 bytes).
    Removing stm32l1xx_sdio.o(.rev16_text), (4 bytes).
    Removing stm32l1xx_sdio.o(.revsh_text), (4 bytes).
    Removing stm32l1xx_sdio.o(i.SDIO_CEATAITCmd), (16 bytes).
    Removing stm32l1xx_sdio.o(i.SDIO_ClearFlag), (12 bytes).
    Removing stm32l1xx_sdio.o(i.SDIO_ClearITPendingBit), (12 bytes).
    Removing stm32l1xx_sdio.o(i.SDIO_ClockCmd), (12 bytes).
    Removing stm32l1xx_sdio.o(i.SDIO_CmdStructInit), (14 bytes).
    Removing stm32l1xx_sdio.o(i.SDIO_CommandCompletionCmd), (12 bytes).
    Removing stm32l1xx_sdio.o(i.SDIO_DMACmd), (12 bytes).
    Removing stm32l1xx_sdio.o(i.SDIO_DataConfig), (48 bytes).
    Removing stm32l1xx_sdio.o(i.SDIO_DataStructInit), (20 bytes).
    Removing stm32l1xx_sdio.o(i.SDIO_DeInit), (24 bytes).
    Removing stm32l1xx_sdio.o(i.SDIO_GetCommandResponse), (12 bytes).
    Removing stm32l1xx_sdio.o(i.SDIO_GetDataCounter), (12 bytes).
    Removing stm32l1xx_sdio.o(i.SDIO_GetFIFOCount), (12 bytes).
    Removing stm32l1xx_sdio.o(i.SDIO_GetFlagStatus), (20 bytes).
    Removing stm32l1xx_sdio.o(i.SDIO_GetITStatus), (20 bytes).
    Removing stm32l1xx_sdio.o(i.SDIO_GetPowerState), (16 bytes).
    Removing stm32l1xx_sdio.o(i.SDIO_GetResponse), (16 bytes).
    Removing stm32l1xx_sdio.o(i.SDIO_ITConfig), (24 bytes).
    Removing stm32l1xx_sdio.o(i.SDIO_Init), (44 bytes).
    Removing stm32l1xx_sdio.o(i.SDIO_ReadData), (12 bytes).
    Removing stm32l1xx_sdio.o(i.SDIO_SendCEATACmd), (12 bytes).
    Removing stm32l1xx_sdio.o(i.SDIO_SendCommand), (40 bytes).
    Removing stm32l1xx_sdio.o(i.SDIO_SendSDIOSuspendCmd), (12 bytes).
    Removing stm32l1xx_sdio.o(i.SDIO_SetPowerState), (12 bytes).
    Removing stm32l1xx_sdio.o(i.SDIO_SetSDIOOperation), (12 bytes).
    Removing stm32l1xx_sdio.o(i.SDIO_SetSDIOReadWaitMode), (12 bytes).
    Removing stm32l1xx_sdio.o(i.SDIO_StartSDIOReadWait), (12 bytes).
    Removing stm32l1xx_sdio.o(i.SDIO_StopSDIOReadWait), (12 bytes).
    Removing stm32l1xx_sdio.o(i.SDIO_StructInit), (16 bytes).
    Removing stm32l1xx_sdio.o(i.SDIO_WriteData), (12 bytes).
    Removing stm32l1xx_spi.o(.rev16_text), (4 bytes).
    Removing stm32l1xx_spi.o(.revsh_text), (4 bytes).
    Removing stm32l1xx_spi.o(i.I2S_Cmd), (20 bytes).
    Removing stm32l1xx_spi.o(i.I2S_Init), (152 bytes).
    Removing stm32l1xx_spi.o(i.I2S_StructInit), (18 bytes).
    Removing stm32l1xx_spi.o(i.SPI_BiDirectionalLineConfig), (22 bytes).
    Removing stm32l1xx_spi.o(i.SPI_CalculateCRC), (20 bytes).
    Removing stm32l1xx_spi.o(i.SPI_Cmd), (20 bytes).
    Removing stm32l1xx_spi.o(i.SPI_DataSizeConfig), (16 bytes).
    Removing stm32l1xx_spi.o(i.SPI_GetCRC), (12 bytes).
    Removing stm32l1xx_spi.o(i.SPI_GetCRCPolynomial), (4 bytes).
    Removing stm32l1xx_spi.o(i.SPI_I2S_ClearFlag), (6 bytes).
    Removing stm32l1xx_spi.o(i.SPI_I2S_ClearITPendingBit), (14 bytes).
    Removing stm32l1xx_spi.o(i.SPI_I2S_DMACmd), (16 bytes).
    Removing stm32l1xx_spi.o(i.SPI_I2S_DeInit), (84 bytes).
    Removing stm32l1xx_spi.o(i.SPI_I2S_GetFlagStatus), (14 bytes).
    Removing stm32l1xx_spi.o(i.SPI_I2S_GetITStatus), (42 bytes).
    Removing stm32l1xx_spi.o(i.SPI_I2S_ITConfig), (24 bytes).
    Removing stm32l1xx_spi.o(i.SPI_I2S_ReceiveData), (4 bytes).
    Removing stm32l1xx_spi.o(i.SPI_I2S_SendData), (4 bytes).
    Removing stm32l1xx_spi.o(i.SPI_Init), (56 bytes).
    Removing stm32l1xx_spi.o(i.SPI_NSSInternalSoftwareConfig), (24 bytes).
    Removing stm32l1xx_spi.o(i.SPI_SSOutputCmd), (20 bytes).
    Removing stm32l1xx_spi.o(i.SPI_StructInit), (24 bytes).
    Removing stm32l1xx_spi.o(i.SPI_TransmitCRC), (10 bytes).
    Removing stm32l1xx_syscfg.o(.rev16_text), (4 bytes).
    Removing stm32l1xx_syscfg.o(.revsh_text), (4 bytes).
    Removing stm32l1xx_syscfg.o(i.SYSCFG_DeInit), (22 bytes).
    Removing stm32l1xx_syscfg.o(i.SYSCFG_EXTILineConfig), (40 bytes).
    Removing stm32l1xx_syscfg.o(i.SYSCFG_GetBootMode), (16 bytes).
    Removing stm32l1xx_syscfg.o(i.SYSCFG_MemoryRemapConfig), (12 bytes).
    Removing stm32l1xx_syscfg.o(i.SYSCFG_RIChannelSpeedConfig), (24 bytes).
    Removing stm32l1xx_syscfg.o(i.SYSCFG_RIDeInit), (36 bytes).
    Removing stm32l1xx_syscfg.o(i.SYSCFG_RIHysteresisConfig), (88 bytes).
    Removing stm32l1xx_syscfg.o(i.SYSCFG_RIIOSwitchConfig), (52 bytes).
    Removing stm32l1xx_syscfg.o(i.SYSCFG_RIResistorConfig), (24 bytes).
    Removing stm32l1xx_syscfg.o(i.SYSCFG_RISwitchControlModeCmd), (28 bytes).
    Removing stm32l1xx_syscfg.o(i.SYSCFG_RITIMInputCaptureConfig), (64 bytes).
    Removing stm32l1xx_syscfg.o(i.SYSCFG_RITIMSelect), (20 bytes).
    Removing stm32l1xx_syscfg.o(i.SYSCFG_USBPuCmd), (28 bytes).
    Removing stm32l1xx_tim.o(.rev16_text), (4 bytes).
    Removing stm32l1xx_tim.o(.revsh_text), (4 bytes).
    Removing stm32l1xx_tim.o(i.TI1_Config), (46 bytes).
    Removing stm32l1xx_tim.o(i.TI2_Config), (54 bytes).
    Removing stm32l1xx_tim.o(i.TIM_ARRPreloadConfig), (20 bytes).
    Removing stm32l1xx_tim.o(i.TIM_CCxCmd), (22 bytes).
    Removing stm32l1xx_tim.o(i.TIM_ClearFlag), (6 bytes).
    Removing stm32l1xx_tim.o(i.TIM_ClearITPendingBit), (6 bytes).
    Removing stm32l1xx_tim.o(i.TIM_ClearOC1Ref), (12 bytes).
    Removing stm32l1xx_tim.o(i.TIM_ClearOC2Ref), (20 bytes).
    Removing stm32l1xx_tim.o(i.TIM_ClearOC3Ref), (12 bytes).
    Removing stm32l1xx_tim.o(i.TIM_ClearOC4Ref), (20 bytes).
    Removing stm32l1xx_tim.o(i.TIM_Cmd), (20 bytes).
    Removing stm32l1xx_tim.o(i.TIM_CounterModeConfig), (12 bytes).
    Removing stm32l1xx_tim.o(i.TIM_DMACmd), (16 bytes).
    Removing stm32l1xx_tim.o(i.TIM_DMAConfig), (8 bytes).
    Removing stm32l1xx_tim.o(i.TIM_DeInit), (228 bytes).
    Removing stm32l1xx_tim.o(i.TIM_ETRClockMode1Config), (18 bytes).
    Removing stm32l1xx_tim.o(i.TIM_ETRClockMode2Config), (18 bytes).
    Removing stm32l1xx_tim.o(i.TIM_ETRConfig), (24 bytes).
    Removing stm32l1xx_tim.o(i.TIM_EncoderInterfaceConfig), (50 bytes).
    Removing stm32l1xx_tim.o(i.TIM_ForcedOC1Config), (12 bytes).
    Removing stm32l1xx_tim.o(i.TIM_ForcedOC2Config), (20 bytes).
    Removing stm32l1xx_tim.o(i.TIM_ForcedOC3Config), (12 bytes).
    Removing stm32l1xx_tim.o(i.TIM_ForcedOC4Config), (20 bytes).
    Removing stm32l1xx_tim.o(i.TIM_GenerateEvent), (4 bytes).
    Removing stm32l1xx_tim.o(i.TIM_GetCapture1), (4 bytes).
    Removing stm32l1xx_tim.o(i.TIM_GetCapture2), (4 bytes).
    Removing stm32l1xx_tim.o(i.TIM_GetCapture3), (4 bytes).
    Removing stm32l1xx_tim.o(i.TIM_GetCapture4), (4 bytes).
    Removing stm32l1xx_tim.o(i.TIM_GetCounter), (4 bytes).
    Removing stm32l1xx_tim.o(i.TIM_GetFlagStatus), (14 bytes).
    Removing stm32l1xx_tim.o(i.TIM_GetITStatus), (24 bytes).
    Removing stm32l1xx_tim.o(i.TIM_GetPrescaler), (4 bytes).
    Removing stm32l1xx_tim.o(i.TIM_ICInit), (172 bytes).
    Removing stm32l1xx_tim.o(i.TIM_ICStructInit), (16 bytes).
    Removing stm32l1xx_tim.o(i.TIM_ITConfig), (16 bytes).
    Removing stm32l1xx_tim.o(i.TIM_ITRxExternalClockConfig), (18 bytes).
    Removing stm32l1xx_tim.o(i.TIM_InternalClockConfig), (10 bytes).
    Removing stm32l1xx_tim.o(i.TIM_OC1FastConfig), (12 bytes).
    Removing stm32l1xx_tim.o(i.TIM_OC1Init), (44 bytes).
    Removing stm32l1xx_tim.o(i.TIM_OC1PolarityConfig), (12 bytes).
    Removing stm32l1xx_tim.o(i.TIM_OC1PreloadConfig), (12 bytes).
    Removing stm32l1xx_tim.o(i.TIM_OC2FastConfig), (20 bytes).
    Removing stm32l1xx_tim.o(i.TIM_OC2Init), (60 bytes).
    Removing stm32l1xx_tim.o(i.TIM_OC2PolarityConfig), (20 bytes).
    Removing stm32l1xx_tim.o(i.TIM_OC2PreloadConfig), (20 bytes).
    Removing stm32l1xx_tim.o(i.TIM_OC3FastConfig), (12 bytes).
    Removing stm32l1xx_tim.o(i.TIM_OC3Init), (56 bytes).
    Removing stm32l1xx_tim.o(i.TIM_OC3PolarityConfig), (20 bytes).
    Removing stm32l1xx_tim.o(i.TIM_OC3PreloadConfig), (12 bytes).
    Removing stm32l1xx_tim.o(i.TIM_OC4FastConfig), (20 bytes).
    Removing stm32l1xx_tim.o(i.TIM_OC4Init), (60 bytes).
    Removing stm32l1xx_tim.o(i.TIM_OC4PolarityConfig), (20 bytes).
    Removing stm32l1xx_tim.o(i.TIM_OC4PreloadConfig), (20 bytes).
    Removing stm32l1xx_tim.o(i.TIM_OCStructInit), (12 bytes).
    Removing stm32l1xx_tim.o(i.TIM_PWMIConfig), (108 bytes).
    Removing stm32l1xx_tim.o(i.TIM_PrescalerConfig), (6 bytes).
    Removing stm32l1xx_tim.o(i.TIM_RemapConfig), (18 bytes).
    Removing stm32l1xx_tim.o(i.TIM_SelectCCDMA), (20 bytes).
    Removing stm32l1xx_tim.o(i.TIM_SelectHallSensor), (20 bytes).
    Removing stm32l1xx_tim.o(i.TIM_SelectInputTrigger), (12 bytes).
    Removing stm32l1xx_tim.o(i.TIM_SelectMasterSlaveMode), (16 bytes).
    Removing stm32l1xx_tim.o(i.TIM_SelectOCREFClear), (16 bytes).
    Removing stm32l1xx_tim.o(i.TIM_SelectOCxM), (70 bytes).
    Removing stm32l1xx_tim.o(i.TIM_SelectOnePulseMode), (16 bytes).
    Removing stm32l1xx_tim.o(i.TIM_SelectOutputTrigger), (16 bytes).
    Removing stm32l1xx_tim.o(i.TIM_SelectSlaveMode), (16 bytes).
    Removing stm32l1xx_tim.o(i.TIM_SetAutoreload), (4 bytes).
    Removing stm32l1xx_tim.o(i.TIM_SetClockDivision), (16 bytes).
    Removing stm32l1xx_tim.o(i.TIM_SetCompare1), (4 bytes).
    Removing stm32l1xx_tim.o(i.TIM_SetCompare2), (4 bytes).
    Removing stm32l1xx_tim.o(i.TIM_SetCompare3), (4 bytes).
    Removing stm32l1xx_tim.o(i.TIM_SetCompare4), (4 bytes).
    Removing stm32l1xx_tim.o(i.TIM_SetCounter), (4 bytes).
    Removing stm32l1xx_tim.o(i.TIM_SetIC1Prescaler), (16 bytes).
    Removing stm32l1xx_tim.o(i.TIM_SetIC2Prescaler), (24 bytes).
    Removing stm32l1xx_tim.o(i.TIM_SetIC3Prescaler), (16 bytes).
    Removing stm32l1xx_tim.o(i.TIM_SetIC4Prescaler), (24 bytes).
    Removing stm32l1xx_tim.o(i.TIM_TIxExternalClockConfig), (46 bytes).
    Removing stm32l1xx_tim.o(i.TIM_TimeBaseInit), (92 bytes).
    Removing stm32l1xx_tim.o(i.TIM_TimeBaseStructInit), (16 bytes).
    Removing stm32l1xx_tim.o(i.TIM_UpdateDisableConfig), (20 bytes).
    Removing stm32l1xx_tim.o(i.TIM_UpdateRequestConfig), (20 bytes).
    Removing stm32l1xx_usart.o(.rev16_text), (4 bytes).
    Removing stm32l1xx_usart.o(.revsh_text), (4 bytes).
    Removing stm32l1xx_usart.o(i.USART_ClearFlag), (6 bytes).
    Removing stm32l1xx_usart.o(i.USART_ClearITPendingBit), (12 bytes).
    Removing stm32l1xx_usart.o(i.USART_ClockInit), (28 bytes).
    Removing stm32l1xx_usart.o(i.USART_ClockStructInit), (12 bytes).
    Removing stm32l1xx_usart.o(i.USART_Cmd), (20 bytes).
    Removing stm32l1xx_usart.o(i.USART_DMACmd), (16 bytes).
    Removing stm32l1xx_usart.o(i.USART_DeInit), (116 bytes).
    Removing stm32l1xx_usart.o(i.USART_GetFlagStatus), (14 bytes).
    Removing stm32l1xx_usart.o(i.USART_GetITStatus), (62 bytes).
    Removing stm32l1xx_usart.o(i.USART_HalfDuplexCmd), (20 bytes).
    Removing stm32l1xx_usart.o(i.USART_ITConfig), (48 bytes).
    Removing stm32l1xx_usart.o(i.USART_Init), (164 bytes).
    Removing stm32l1xx_usart.o(i.USART_IrDACmd), (20 bytes).
    Removing stm32l1xx_usart.o(i.USART_IrDAConfig), (16 bytes).
    Removing stm32l1xx_usart.o(i.USART_LINBreakDetectLengthConfig), (16 bytes).
    Removing stm32l1xx_usart.o(i.USART_LINCmd), (20 bytes).
    Removing stm32l1xx_usart.o(i.USART_OneBitMethodCmd), (20 bytes).
    Removing stm32l1xx_usart.o(i.USART_OverSampling8Cmd), (20 bytes).
    Removing stm32l1xx_usart.o(i.USART_ReceiveData), (8 bytes).
    Removing stm32l1xx_usart.o(i.USART_ReceiverWakeUpCmd), (20 bytes).
    Removing stm32l1xx_usart.o(i.USART_SendBreak), (10 bytes).
    Removing stm32l1xx_usart.o(i.USART_SendData), (8 bytes).
    Removing stm32l1xx_usart.o(i.USART_SetAddress), (16 bytes).
    Removing stm32l1xx_usart.o(i.USART_SetGuardTime), (16 bytes).
    Removing stm32l1xx_usart.o(i.USART_SetPrescaler), (16 bytes).
    Removing stm32l1xx_usart.o(i.USART_SmartCardCmd), (20 bytes).
    Removing stm32l1xx_usart.o(i.USART_SmartCardNACKCmd), (20 bytes).
    Removing stm32l1xx_usart.o(i.USART_StructInit), (22 bytes).
    Removing stm32l1xx_usart.o(i.USART_WakeUpConfig), (16 bytes).
    Removing stm32l1xx_wwdg.o(.rev16_text), (4 bytes).
    Removing stm32l1xx_wwdg.o(.revsh_text), (4 bytes).
    Removing stm32l1xx_wwdg.o(i.WWDG_ClearFlag), (12 bytes).
    Removing stm32l1xx_wwdg.o(i.WWDG_DeInit), (24 bytes).
    Removing stm32l1xx_wwdg.o(i.WWDG_Enable), (16 bytes).
    Removing stm32l1xx_wwdg.o(i.WWDG_EnableIT), (16 bytes).
    Removing stm32l1xx_wwdg.o(i.WWDG_GetFlagStatus), (20 bytes).
    Removing stm32l1xx_wwdg.o(i.WWDG_SetCounter), (16 bytes).
    Removing stm32l1xx_wwdg.o(i.WWDG_SetPrescaler), (20 bytes).
    Removing stm32l1xx_wwdg.o(i.WWDG_SetWindowValue), (28 bytes).
    Removing system_stm32l1xx.o(.rev16_text), (4 bytes).
    Removing system_stm32l1xx.o(.revsh_text), (4 bytes).
    Removing system_stm32l1xx.o(i.SystemCoreClockUpdate), (140 bytes).
    Removing system_stm32l1xx.o(.data), (29 bytes).

622 unused section(s) (total 20737 bytes) removed from the image.

==============================================================================

Memory Map of the image

  Image Entry point : 0x00000000

  Load Region LR_IROM1 (Base: 0x08000000, Size: 0x00000404, Max: 0x00020000, ABSOLUTE)

    Execution Region ER_IROM1 (Base: 0x08000000, Size: 0x00000404, Max: 0x00020000, ABSOLUTE)

    Base Addr    Size         Type   Attr      Idx    E Section Name        Object

    0x08000000   0x000000f4   Data   RO         4006    RESET               startup_stm32l1xx_md.o
    0x080000f4   0x00000008   Code   RO         4015  * !!!main             c_w.l(__main.o)
    0x080000fc   0x00000002   Code   RO         4042    .ARM.Collect$$libinit$$00000000  c_w.l(libinit.o)
    0x080000fe   0x00000000   Code   RO         4049    .ARM.Collect$$libinit$$00000002  c_w.l(libinit2.o)
    0x080000fe   0x00000000   Code   RO         4052    .ARM.Collect$$libinit$$00000008  c_w.l(libinit2.o)
    0x080000fe   0x00000000   Code   RO         4054    .ARM.Collect$$libinit$$0000000A  c_w.l(libinit2.o)
    0x080000fe   0x00000000   Code   RO         4056    .ARM.Collect$$libinit$$0000000C  c_w.l(libinit2.o)
    0x080000fe   0x00000000   Code   RO         4059    .ARM.Collect$$libinit$$0000000F  c_w.l(libinit2.o)
    0x080000fe   0x00000000   Code   RO         4061    .ARM.Collect$$libinit$$00000011  c_w.l(libinit2.o)
    0x080000fe   0x00000000   Code   RO         4063    .ARM.Collect$$libinit$$00000013  c_w.l(libinit2.o)
    0x080000fe   0x00000000   Code   RO         4065    .ARM.Collect$$libinit$$00000015  c_w.l(libinit2.o)
    0x080000fe   0x00000000   Code   RO         4067    .ARM.Collect$$libinit$$00000017  c_w.l(libinit2.o)
    0x080000fe   0x00000000   Code   RO         4069    .ARM.Collect$$libinit$$00000019  c_w.l(libinit2.o)
    0x080000fe   0x00000000   Code   RO         4071    .ARM.Collect$$libinit$$0000001B  c_w.l(libinit2.o)
    0x080000fe   0x00000000   Code   RO         4073    .ARM.Collect$$libinit$$0000001D  c_w.l(libinit2.o)
    0x080000fe   0x00000000   Code   RO         4075    .ARM.Collect$$libinit$$0000001F  c_w.l(libinit2.o)
    0x080000fe   0x00000000   Code   RO         4077    .ARM.Collect$$libinit$$00000021  c_w.l(libinit2.o)
    0x080000fe   0x00000000   Code   RO         4079    .ARM.Collect$$libinit$$00000023  c_w.l(libinit2.o)
    0x080000fe   0x00000000   Code   RO         4083    .ARM.Collect$$libinit$$0000002A  c_w.l(libinit2.o)
    0x080000fe   0x00000000   Code   RO         4085    .ARM.Collect$$libinit$$0000002C  c_w.l(libinit2.o)
    0x080000fe   0x00000000   Code   RO         4087    .ARM.Collect$$libinit$$0000002E  c_w.l(libinit2.o)
    0x080000fe   0x00000000   Code   RO         4089    .ARM.Collect$$libinit$$00000030  c_w.l(libinit2.o)
    0x080000fe   0x00000002   Code   RO         4090    .ARM.Collect$$libinit$$00000031  c_w.l(libinit2.o)
    0x08000100   0x00000002   Code   RO         4110    .ARM.Collect$$libshutdown$$00000000  c_w.l(libshutdown.o)
    0x08000102   0x00000000   Code   RO         4124    .ARM.Collect$$libshutdown$$00000003  c_w.l(libshutdown2.o)
    0x08000102   0x00000000   Code   RO         4127    .ARM.Collect$$libshutdown$$00000006  c_w.l(libshutdown2.o)
    0x08000102   0x00000000   Code   RO         4130    .ARM.Collect$$libshutdown$$00000009  c_w.l(libshutdown2.o)
    0x08000102   0x00000000   Code   RO         4132    .ARM.Collect$$libshutdown$$0000000B  c_w.l(libshutdown2.o)
    0x08000102   0x00000000   Code   RO         4135    .ARM.Collect$$libshutdown$$0000000E  c_w.l(libshutdown2.o)
    0x08000102   0x00000002   Code   RO         4136    .ARM.Collect$$libshutdown$$0000000F  c_w.l(libshutdown2.o)
    0x08000104   0x00000000   Code   RO         4017    .ARM.Collect$$rtentry$$00000000  c_w.l(rtentry.o)
    0x08000104   0x00000000   Code   RO         4019    .ARM.Collect$$rtentry$$00000002  c_w.l(rtentry2.o)
    0x08000104   0x00000006   Code   RO         4031    .ARM.Collect$$rtentry$$00000004  c_w.l(rtentry4.o)
    0x0800010a   0x00000000   Code   RO         4021    .ARM.Collect$$rtentry$$00000009  c_w.l(rtentry2.o)
    0x0800010a   0x00000004   Code   RO         4022    .ARM.Collect$$rtentry$$0000000A  c_w.l(rtentry2.o)
    0x0800010e   0x00000000   Code   RO         4024    .ARM.Collect$$rtentry$$0000000C  c_w.l(rtentry2.o)
    0x0800010e   0x00000008   Code   RO         4025    .ARM.Collect$$rtentry$$0000000D  c_w.l(rtentry2.o)
    0x08000116   0x00000002   Code   RO         4046    .ARM.Collect$$rtexit$$00000000  c_w.l(rtexit.o)
    0x08000118   0x00000000   Code   RO         4092    .ARM.Collect$$rtexit$$00000002  c_w.l(rtexit2.o)
    0x08000118   0x00000004   Code   RO         4093    .ARM.Collect$$rtexit$$00000003  c_w.l(rtexit2.o)
    0x0800011c   0x00000006   Code   RO         4094    .ARM.Collect$$rtexit$$00000004  c_w.l(rtexit2.o)
    0x08000122   0x00000002   PAD
    0x08000124   0x00000040   Code   RO         4007    .text               startup_stm32l1xx_md.o
    0x08000164   0x00000006   Code   RO         4013    .text               c_w.l(heapauxi.o)
    0x0800016a   0x0000004a   Code   RO         4033    .text               c_w.l(sys_stackheap_outer.o)
    0x080001b4   0x0000000c   Code   RO         4035    .text               c_w.l(exit.o)
    0x080001c0   0x00000008   Code   RO         4043    .text               c_w.l(libspace.o)
    0x080001c8   0x0000000c   Code   RO         4102    .text               c_w.l(sys_exit.o)
    0x080001d4   0x00000002   Code   RO         4113    .text               c_w.l(use_no_semi.o)
    0x080001d6   0x00000000   Code   RO         4115    .text               c_w.l(indicate_semi.o)
    0x080001d6   0x00000002   Code   RO          124    i.BusFault_Handler  stm32l1xx_it.o
    0x080001d8   0x00000002   Code   RO          125    i.DMA1_Channel1_IRQHandler  stm32l1xx_it.o
    0x080001da   0x00000002   Code   RO          126    i.DebugMon_Handler  stm32l1xx_it.o
    0x080001dc   0x00000002   Code   RO          127    i.EXTI0_IRQHandler  stm32l1xx_it.o
    0x080001de   0x00000002   PAD
    0x080001e0   0x00000066   Code   RO         1549    i.GPIO_Init         stm32l1xx_gpio.o
    0x08000246   0x00000004   Code   RO         1557    i.GPIO_SetBits      stm32l1xx_gpio.o
    0x0800024a   0x00000008   Code   RO         1559    i.GPIO_ToggleBits   stm32l1xx_gpio.o
    0x08000252   0x00000002   Code   RO          128    i.HardFault_Handler  stm32l1xx_it.o
    0x08000254   0x00000002   Code   RO          129    i.MemManage_Handler  stm32l1xx_it.o
    0x08000256   0x00000002   Code   RO          130    i.NMI_Handler       stm32l1xx_it.o
    0x08000258   0x00000002   Code   RO          131    i.PendSV_Handler    stm32l1xx_it.o
    0x0800025a   0x00000002   PAD
    0x0800025c   0x00000018   Code   RO         2196    i.RCC_AHBPeriphClockCmd  stm32l1xx_rcc.o
    0x08000274   0x00000044   Code   RO         2210    i.RCC_DeInit        stm32l1xx_rcc.o
    0x080002b8   0x00000002   Code   RO          132    i.RTC_WKUP_IRQHandler  stm32l1xx_it.o
    0x080002ba   0x00000002   Code   RO          133    i.SVC_Handler       stm32l1xx_it.o
    0x080002bc   0x000000a0   Code   RO         3969    i.SetSysClock       system_stm32l1xx.o
    0x0800035c   0x00000002   Code   RO          134    i.SysTick_Handler   stm32l1xx_it.o
    0x0800035e   0x00000002   PAD
    0x08000360   0x00000054   Code   RO         3971    i.SystemInit        system_stm32l1xx.o
    0x080003b4   0x00000002   Code   RO          135    i.UsageFault_Handler  stm32l1xx_it.o
    0x080003b6   0x00000002   PAD
    0x080003b8   0x0000004c   Code   RO            3    i.main              main.o
    0x08000404   0x00000000   Data   RO         4167    Region$$Table       anon$$obj.o


    Execution Region RW_IRAM1 (Base: 0x20000000, Size: 0x00000660, Max: 0x00004000, ABSOLUTE)

    Base Addr    Size         Type   Attr      Idx    E Section Name        Object

    0x20000000   0x00000060   Zero   RW         4044    .bss                c_w.l(libspace.o)
    0x20000060   0x00000200   Zero   RW         4005    HEAP                startup_stm32l1xx_md.o
    0x20000260   0x00000400   Zero   RW         4004    STACK               startup_stm32l1xx_md.o

