<html>
<body>
<pre>
<h1>µVision Build Log</h1>
<h2>Project:</h2>
C:\Users\Lab\Google Drive\Workspace\Keil\STM32L_Template\STM32L Template.uvproj
Project File Date:  07/08/2014

<h2>Output:</h2>
Rebuild target 'STM32L1_Template'
compiling main.c...
compiling stm32l1xx_it.c...
compiling misc.c...
compiling stm32l1xx_adc.c...
compiling stm32l1xx_aes.c...
compiling stm32l1xx_aes_util.c...
compiling stm32l1xx_comp.c...
compiling stm32l1xx_crc.c...
compiling stm32l1xx_dac.c...
compiling stm32l1xx_dbgmcu.c...
compiling stm32l1xx_dma.c...
compiling stm32l1xx_exti.c...
compiling stm32l1xx_flash.c...
compiling stm32l1xx_flash_ramfunc.c...
compiling stm32l1xx_fsmc.c...
compiling stm32l1xx_gpio.c...
compiling stm32l1xx_i2c.c...
compiling stm32l1xx_iwdg.c...
compiling stm32l1xx_lcd.c...
compiling stm32l1xx_opamp.c...
compiling stm32l1xx_pwr.c...
compiling stm32l1xx_rcc.c...
compiling stm32l1xx_rtc.c...
compiling stm32l1xx_sdio.c...
compiling stm32l1xx_spi.c...
compiling stm32l1xx_syscfg.c...
compiling stm32l1xx_tim.c...
compiling stm32l1xx_usart.c...
compiling stm32l1xx_wwdg.c...
compiling system_stm32l1xx.c...
assembling startup_stm32l1xx_md.s...
linking...
Program Size: Code=864 RO-data=260 RW-data=0 ZI-data=1632  
FromELF: creating hex file...
".\Obj\STM32L_Template.axf" - 0 Error(s), 0 Warning(s).
</pre>
</body>
</html>
tm32l1xx_rtc.c...
compiling stm32l1xx_sdio.c...
compiling stm32l1xx_spi.c...
compiling stm32l1xx_syscfg.c...
compiling stm32l1xx_tim.c...
compiling stm32l1xx_usart.c...
compiling stm32l1xx_wwdg.c...
compiling system_stm32l1xx.c...
assembling startup_stm32l1xx_md.s...
linking...
.\Obj\STM32L_Template.axf: Error: L6218E: Undefined symbol TimingDelay_Decrement (referred from stm32l1xx_it.o).
.\Obj\STM32L_Template.axf: Error: L6218E: Undefined symbol setADCDMA_TransferComplete (referred from stm32l1xx_it.o).
.\Obj\STM32L_Template.axf: Error: L6218E: Undefined symbol setUserButtonFlag (referred from stm32l1xx_it.o).
Not enough information to list image symbols.
Finished: 1 information, 0 warning and 3 error messages.
".\Obj\STM32L_Template.axf" - 3 Error(s), 3 Warning(s).
Target not created
"stm32l1xx_conf.h"
C:\st\stsw-stm32077\STM32L1xx_StdPeriph_Lib_V1.3.0\Libraries\STM32L1xx_StdPeriph_Driver\src\stm32l1xx_aes_util.c: 0 warnings, 1 error
compiling stm32l1xx_comp.c...
C:\STMicroelectronics\STM32L1_Discovery_Firmware_Pack_V1.0.3\Libraries\CMSIS\Device\ST\STM32L1xx\Include\stm32l1xx.h(6312): error:  #5: cannot open source input file "stm32l1xx_conf.h": No such file or directory
    #include "stm32l1xx_conf.h"
C:\st\stsw-stm32077\STM32L1xx_StdPeriph_Lib_V1.3.0\Libraries\STM32L1xx_StdPeriph_Driver\src\stm32l1xx_comp.c: 0 warnings, 1 error
compiling stm32l1xx_crc.c...
C:\STMicroelectronics\STM32L1_Discovery_Firmware_Pack_V1.0.3\Libraries\CMSIS\Device\ST\STM32L1xx\Include\stm32l1xx.h(6312): error:  #5: cannot open source input file "stm32l1xx_conf.h": No such file or directory
    #include "stm32l1xx_conf.h"
C:\st\stsw-stm32077\STM32L1xx_StdPeriph_Lib_V1.3.0\Libraries\STM32L1xx_StdPeriph_Driver\src\stm32l1xx_crc.c: 0 warnings, 1 error
compiling stm32l1xx_dac.c...
C:\STMicroelectronics\STM32L1_Discovery_Firmware_Pack_V1.0.3\Libraries\CMSIS\Device\ST\STM32L1xx\Include\stm32l1xx.h(6312): error:  #5: cannot open source input file "stm32l1xx_conf.h": No such file or directory
    #include "stm32l1xx_conf.h"
C:\st\stsw-stm32077\STM32L1xx_StdPeriph_Lib_V1.3.0\Libraries\STM32L1xx_StdPeriph_Driver\src\stm32l1xx_dac.c: 0 warnings, 1 error
compiling stm32l1xx_dbgmcu.c...
C:\STMicroelectronics\STM32L1_Discovery_Firmware_Pack_V1.0.3\Libraries\CMSIS\Device\ST\STM32L1xx\Include\stm32l1xx.h(6312): error:  #5: cannot open source input file "stm32l1xx_conf.h": No such file or directory
    #include "stm32l1xx_conf.h"
C:\st\stsw-stm32077\STM32L1xx_StdPeriph_Lib_V1.3.0\Libraries\STM32L1xx_StdPeriph_Driver\src\stm32l1xx_dbgmcu.c: 0 warnings, 1 error
compiling stm32l1xx_dma.c...
C:\STMicroelectronics\STM32L1_Discovery_Firmware_Pack_V1.0.3\Libraries\CMSIS\Device\ST\STM32L1xx\Include\stm32l1xx.h(6312): error:  #5: cannot open source input file "stm32l1xx_conf.h": No such file or directory
    #include "stm32l1xx_conf.h"
C:\st\stsw-stm32077\STM32L1xx_StdPeriph_Lib_V1.3.0\Libraries\STM32L1xx_StdPeriph_Driver\src\stm32l1xx_dma.c: 0 warnings, 1 error
compiling stm32l1xx_exti.c...
C:\STMicroelectronics\STM32L1_Discovery_Firmware_Pack_V1.0.3\Libraries\CMSIS\Device\ST\STM32L1xx\Include\stm32l1xx.h(6312): error:  #5: cannot open source input file "stm32l1xx_conf.h": No such file or directory
    #include "stm32l1xx_conf.h"
C:\st\stsw-stm32077\STM32L1xx_StdPeriph_Lib_V1.3.0\Libraries\STM32L1xx_StdPeriph_Driver\src\stm32l1xx_exti.c: 0 warnings, 1 error
compiling stm32l1xx_flash.c...
C:\STMicroelectronics\STM32L1_Discovery_Firmware_Pack_V1.0.3\Libraries\CMSIS\Device\ST\STM32L1xx\Include\stm32l1xx.h(6312): error:  #5: cannot open source input file "stm32l1xx_conf.h": No such file or directory
    #include "stm32l1xx_conf.h"
C:\st\stsw-stm32077\STM32L1xx_StdPeriph_Lib_V1.3.0\Libraries\STM32L1xx_StdPeriph_Driver\src\stm32l1xx_flash.c: 0 warnings, 1 error
compiling stm32l1xx_flash_ramfunc.c...
C:\STMicroelectronics\STM32L1_Discovery_Firmware_Pack_V1.0.3\Libraries\CMSIS\Device\ST\STM32L1xx\Include\stm32l1xx.h(6312): error:  #5: cannot open source input file "stm32l1xx_conf.h": No such file or directory
    #include "stm32l1xx_conf.h"
C:\st\stsw-stm32077\STM32L1xx_StdPeriph_Lib_V1.3.0\Libraries\STM32L1xx_StdPeriph_Driver\src\stm32l1xx_flash_ramfunc.c: 0 warnings, 1 error
compiling stm32l1xx_fsmc.c...
C:\STMicroelectronics\STM32L1_Discovery_Firmware_Pack_V1.0.3\Libraries\CMSIS\Device\ST\STM32L1xx\Include\stm32l1xx.h(6312): error:  #5: cannot open source input file "stm32l1xx_conf.h": No such file or directory
    #include "stm32l1xx_conf.h"
C:\st\stsw-stm32077\STM32L1xx_StdPeriph_Lib_V1.3.0\Libraries\STM32L1xx_StdPeriph_Driver\src\stm32l1xx_fsmc.c: 0 warnings, 1 error
compiling stm32l1xx_gpio.c...
C:\STMicroelectronics\STM32L1_Discovery_Firmware_Pack_V1.0.3\Libraries\CMSIS\Device\ST\STM32L1xx\Include\stm32l1xx.h(6312): error:  #5: cannot open source input file "stm32l1xx_conf.h": No such file or directory
    #include "stm32l1xx_conf.h"
C:\st\stsw-stm32077\STM32L1xx_StdPeriph_Lib_V1.3.0\Libraries\STM32L1xx_StdPeriph_Driver\src\stm32l1xx_gpio.c: 0 warnings, 1 error
compiling stm32l1xx_i2c.c...
C:\STMicroelectronics\STM32L1_Discovery_Firmware_Pack_V1.0.3\Libraries\CMSIS\Device\ST\STM32L1xx\Include\stm32l1xx.h(6312): error:  #5: cannot open source input file "stm32l1xx_conf.h": No such file or directory
    #include "stm32l1xx_conf.h"
C:\st\stsw-stm32077\STM32L1xx_StdPeriph_Lib_V1.3.0\Libraries\STM32L1xx_StdPeriph_Driver\src\stm32l1xx_i2c.c: 0 warnings, 1 error
compiling stm32l1xx_iwdg.c...
C:\STMicroelectronics\STM32L1_Discovery_Firmware_Pack_V1.0.3\Libraries\CMSIS\Device\ST\STM32L1xx\Include\stm32l1xx.h(6312): error:  #5: cannot open source input file "stm32l1xx_conf.h": No such file or directory
    #include "stm32l1xx_conf.h"
C:\st\stsw-stm32077\STM32L1xx_StdPeriph_Lib_V1.3.0\Libraries\STM32L1xx_StdPeriph_Driver\src\stm32l1xx_iwdg.c: 0 warnings, 1 error
compiling stm32l1xx_lcd.c...
C:\STMicroelectronics\STM32L1_Discovery_Firmware_Pack_V1.0.3\Libraries\CMSIS\Device\ST\STM32L1xx\Include\stm32l1xx.h(6312): error:  #5: cannot open source input file "stm32l1xx_conf.h": No such file or directory
    #include "stm32l1xx_conf.h"
C:\st\stsw-stm32077\STM32L1xx_StdPeriph_Lib_V1.3.0\Libraries\STM32L1xx_StdPeriph_Driver\src\stm32l1xx_lcd.c: 0 warnings, 1 error
compiling stm32l1xx_opamp.c...
C:\STMicroelectronics\STM32L1_Discovery_Firmware_Pack_V1.0.3\Libraries\CMSIS\Device\ST\STM32L1xx\Include\stm32l1xx.h(6312): error:  #5: cannot open source input file "stm32l1xx_conf.h": No such file or directory
    #include "stm32l1xx_conf.h"
C:\st\stsw-stm32077\STM32L1xx_StdPeriph_Lib_V1.3.0\Libraries\STM32L1xx_StdPeriph_Driver\src\stm32l1xx_opamp.c: 0 warnings, 1 error
compiling stm32l1xx_pwr.c...
C:\STMicroelectronics\STM32L1_Discovery_Firmware_Pack_V1.0.3\Libraries\CMSIS\Device\ST\STM32L1xx\Include\stm32l1xx.h(6312): error:  #5: cannot open source input file "stm32l1xx_conf.h": No such file or directory
    #include "stm32l1xx_conf.h"
C:\st\stsw-stm32077\STM32L1xx_StdPeriph_Lib_V1.3.0\Libraries\STM32L1xx_StdPeriph_Driver\src\stm32l1xx_pwr.c: 0 warnings, 1 error
compiling stm32l1xx_rcc.c...
C:\STMicroelectronics\STM32L1_Discovery_Firmware_Pack_V1.0.3\Libraries\CMSIS\Device\ST\STM32L1xx\Include\stm32l1xx.h(6312): error:  #5: cannot open source input file "stm32l1xx_conf.h": No such file or directory
    #include "stm32l1xx_conf.h"
C:\st\stsw-stm32077\STM32L1xx_StdPeriph_Lib_V1.3.0\Libraries\STM32L1xx_StdPeriph_Driver\src\stm32l1xx_rcc.c: 0 warnings, 1 error
compiling stm32l1xx_rtc.c...
C:\STMicroelectronics\STM32L1_Discovery_Firmware_Pack_V1.0.3\Libraries\CMSIS\Device\ST\STM32L1xx\Include\stm32l1xx.h(6312): error:  #5: cannot open source input file "stm32l1xx_conf.h": No such file or directory
    #include "stm32l1xx_conf.h"
C:\st\stsw-stm32077\STM32L1xx_StdPeriph_Lib_V1.3.0\Libraries\STM32L1xx_StdPeriph_Driver\src\stm32l1xx_rtc.c: 0 warnings, 1 error
compiling stm32l1xx_sdio.c...
C:\STMicroelectronics\STM32L1_Discovery_Firmware_Pack_V1.0.3\Libraries\CMSIS\Device\ST\STM32L1xx\Include\stm32l1xx.h(6312): error:  #5: cannot open source input file "stm32l1xx_conf.h": No such file or directory
    #include "stm32l1xx_conf.h"
C:\st\stsw-stm32077\STM32L1xx_StdPeriph_Lib_V1.3.0\Libraries\STM32L1xx_StdPeriph_Driver\src\stm32l1xx_sdio.c: 0 warnings, 1 error
compiling stm32l1xx_spi.c...
C:\STMicroelectronics\STM32L1_Discovery_Firmware_Pack_V1.0.3\Libraries\CMSIS\Device\ST\STM32L1xx\Include\stm32l1xx.h(6312): error:  #5: cannot open source input file "stm32l1xx_conf.h": No such file or directory
    #include "stm32l1xx_conf.h"
C:\st\stsw-stm32077\STM32L1xx_StdPeriph_Lib_V1.3.0\Libraries\STM32L1xx_StdPeriph_Driver\src\stm32l1xx_spi.c: 0 warnings, 1 error
compiling stm32l1xx_syscfg.c...
C:\STMicroelectronics\STM32L1_Discovery_Firmware_Pack_V1.0.3\Libraries\CMSIS\Device\ST\STM32L1xx\Include\stm32l1xx.h(6312): error:  #5: cannot open source input file "stm32l1xx_conf.h": No such file or directory
    #include "stm32l1xx_conf.h"
C:\st\stsw-stm32077\STM32L1xx_StdPeriph_Lib_V1.3.0\Libraries\STM32L1xx_StdPeriph_Driver\src\stm32l1xx_syscfg.c: 0 warnings, 1 error
compiling stm32l1xx_tim.c...
C:\STMicroelectronics\STM32L1_Discovery_Firmware_Pack_V1.0.3\Libraries\CMSIS\Device\ST\STM32L1xx\Include\stm32l1xx.h(6312): error:  #5: cannot open source input file "stm32l1xx_conf.h": No such file or directory
    #include "stm32l1xx_conf.h"
C:\st\stsw-stm32077\STM32L1xx_StdPeriph_Lib_V1.3.0\Libraries\STM32L1xx_StdPeriph_Driver\src\stm32l1xx_tim.c: 0 warnings, 1 error
compiling stm32l1xx_usart.c...
C:\STMicroelectronics\STM32L1_Discovery_Firmware_Pack_V1.0.3\Libraries\CMSIS\Device\ST\STM32L1xx\Include\stm32l1xx.h(6312): error:  #5: cannot open source input file "stm32l1xx_conf.h": No such file or directory
    #include "stm32l1xx_conf.h"
C:\st\stsw-stm32077\STM32L1xx_StdPeriph_Lib_V1.3.0\Libraries\STM32L1xx_StdPeriph_Driver\src\stm32l1xx_usart.c: 0 warnings, 1 error
compiling stm32l1xx_wwdg.c...
C:\STMicroelectronics\STM32L1_Discovery_Firmware_Pack_V1.0.3\Libraries\CMSIS\Device\ST\STM32L1xx\Include\stm32l1xx.h(6312): error:  #5: cannot open source input file "stm32l1xx_conf.h": No such file or directory
    #include "stm32l1xx_conf.h"
C:\st\stsw-stm32077\STM32L1xx_StdPeriph_Lib_V1.3.0\Libraries\STM32L1xx_StdPeriph_Driver\src\stm32l1xx_wwdg.c: 0 warnings, 1 error
compiling system_stm32l1xx.c...
C:\STMicroelectronics\STM32L1_Discovery_Firmware_Pack_V1.0.3\Libraries\CMSIS\Device\ST\STM32L1xx\Include\stm32l1xx.h(6312): error:  #5: cannot open source input file "stm32l1xx_conf.h": No such file or directory
    #include "stm32l1xx_conf.h"
system_stm32l1xx.c: 0 warnings, 1 error
".\Obj\STM32L_Template.axf" - 30 Error(s), 0 Warning(s).
Target not created
