<html>
<body>
<pre>
<h1>µVision Build Log</h1>
<h2>Project:</h2>
C:\Users\Lab\Google Drive\Workspace\Keil\STM32L15xx-Low-Power-MCU-Code-Blocks\STM32L_Template\STM32L Template.uvproj
Project File Date:  07/08/2014

<h2>Output:</h2>
Build target 'STM32L_Template'
compiling main.c...
compiling stm32l1xx_it.c...
compiling misc.c...
compiling stm32l1xx_adc.c...
compiling stm32l1xx_aes.c...
compiling stm32l1xx_aes_util.c...
compiling stm32l1xx_comp.c...
compiling stm32l1xx_crc.c...
compiling stm32l1xx_dac.c...
compiling stm32l1xx_dbgmcu.c...
compiling stm32l1xx_dma.c...
compiling stm32l1xx_exti.c...
compiling stm32l1xx_flash.c...
compiling stm32l1xx_flash_ramfunc.c...
compiling stm32l1xx_fsmc.c...
compiling stm32l1xx_gpio.c...
compiling stm32l1xx_i2c.c...
compiling stm32l1xx_iwdg.c...
compiling stm32l1xx_lcd.c...
compiling stm32l1xx_opamp.c...
compiling stm32l1xx_pwr.c...
compiling stm32l1xx_rcc.c...
compiling stm32l1xx_rtc.c...
compiling stm32l1xx_sdio.c...
compiling stm32l1xx_spi.c...
compiling stm32l1xx_syscfg.c...
compiling stm32l1xx_tim.c...
compiling stm32l1xx_usart.c...
compiling stm32l1xx_wwdg.c...
compiling system_stm32l1xx.c...
assembling startup_stm32l1xx_md.s...
linking...
Program Size: Code=864 RO-data=260 RW-data=0 ZI-data=1632  
FromELF: creating hex file...
".\Obj\STM32_Template.axf" - 0 Error(s), 0 Warning(s).

</pre>
</body>
</html>
